Component: ARM Compiler 5.06 update 6 (build 750) Tool: armlink [4d35ed]

==============================================================================

Section Cross References

    main.o(i.DispGPSStatus) refers to bsp_gps.o(i.gps_FenToDu) for gps_FenToDu
    main.o(i.DispGPSStatus) refers to printf6.o(i.__0sprintf$6) for __2sprintf
    main.o(i.DispGPSStatus) refers to bsp_gps.o(i.gps_FenToMiao) for gps_FenToMiao
    main.o(i.DispGPSStatus) refers to strlen.o(.text) for strlen
    main.o(i.DispGPSStatus) refers to printf6.o(i.__0printf$6) for __2printf
    main.o(i.DispGPSStatus) refers to bsp_gps.o(.bss) for g_tGPS
    main.o(i.main) refers to bsp_uart_fifo.o(i.bsp_InitUart) for bsp_InitUart
    main.o(i.main) refers to bsp_gps.o(i.gps_pro) for gps_pro
    main.o(i.main) refers to main.o(i.DispGPSStatus) for DispGPSStatus
    bsp_uart_fifo.o(i.ComToUart) refers to bsp_uart_fifo.o(.bss) for g_tUart1
    bsp_uart_fifo.o(i.ConfigUartNVIC) refers to misc.o(i.NVIC_Init) for NVIC_Init
    bsp_uart_fifo.o(i.InitHardUart) refers to stm32f10x_rcc.o(i.RCC_APB2PeriphClockCmd) for RCC_APB2PeriphClockCmd
    bsp_uart_fifo.o(i.InitHardUart) refers to stm32f10x_gpio.o(i.GPIO_Init) for GPIO_Init
    bsp_uart_fifo.o(i.InitHardUart) refers to stm32f10x_usart.o(i.USART_Init) for USART_Init
    bsp_uart_fifo.o(i.InitHardUart) refers to stm32f10x_usart.o(i.USART_ITConfig) for USART_ITConfig
    bsp_uart_fifo.o(i.InitHardUart) refers to stm32f10x_usart.o(i.USART_Cmd) for USART_Cmd
    bsp_uart_fifo.o(i.InitHardUart) refers to stm32f10x_usart.o(i.USART_ClearFlag) for USART_ClearFlag
    bsp_uart_fifo.o(i.InitHardUart) refers to stm32f10x_rcc.o(i.RCC_APB1PeriphClockCmd) for RCC_APB1PeriphClockCmd
    bsp_uart_fifo.o(i.USART1_IRQHandler) refers to bsp_uart_fifo.o(i.UartIRQ) for UartIRQ
    bsp_uart_fifo.o(i.USART1_IRQHandler) refers to bsp_uart_fifo.o(.bss) for g_tUart1
    bsp_uart_fifo.o(i.USART2_IRQHandler) refers to bsp_uart_fifo.o(i.UartIRQ) for UartIRQ
    bsp_uart_fifo.o(i.USART2_IRQHandler) refers to bsp_uart_fifo.o(.bss) for g_tUart2
    bsp_uart_fifo.o(i.USART3_IRQHandler) refers to bsp_uart_fifo.o(i.UartIRQ) for UartIRQ
    bsp_uart_fifo.o(i.USART3_IRQHandler) refers to bsp_uart_fifo.o(.bss) for g_tUart3
    bsp_uart_fifo.o(i.UartGetChar) refers to bsp_uart_fifo.o(i.__set_PRIMASK) for __set_PRIMASK
    bsp_uart_fifo.o(i.UartIRQ) refers to stm32f10x_usart.o(i.USART_GetITStatus) for USART_GetITStatus
    bsp_uart_fifo.o(i.UartIRQ) refers to stm32f10x_usart.o(i.USART_ReceiveData) for USART_ReceiveData
    bsp_uart_fifo.o(i.UartIRQ) refers to stm32f10x_usart.o(i.USART_ITConfig) for USART_ITConfig
    bsp_uart_fifo.o(i.UartIRQ) refers to stm32f10x_usart.o(i.USART_SendData) for USART_SendData
    bsp_uart_fifo.o(i.UartSend) refers to bsp_uart_fifo.o(i.__set_PRIMASK) for __set_PRIMASK
    bsp_uart_fifo.o(i.UartSend) refers to stm32f10x_usart.o(i.USART_ITConfig) for USART_ITConfig
    bsp_uart_fifo.o(i.UartVarInit) refers to bsp_uart_fifo.o(.bss) for g_tUart1
    bsp_uart_fifo.o(i.bsp_InitUart) refers to bsp_uart_fifo.o(i.UartVarInit) for UartVarInit
    bsp_uart_fifo.o(i.bsp_InitUart) refers to bsp_uart_fifo.o(i.InitHardUart) for InitHardUart
    bsp_uart_fifo.o(i.bsp_InitUart) refers to bsp_uart_fifo.o(i.ConfigUartNVIC) for ConfigUartNVIC
    bsp_uart_fifo.o(i.comClearRxFifo) refers to bsp_uart_fifo.o(i.ComToUart) for ComToUart
    bsp_uart_fifo.o(i.comClearTxFifo) refers to bsp_uart_fifo.o(i.ComToUart) for ComToUart
    bsp_uart_fifo.o(i.comGetChar) refers to bsp_uart_fifo.o(i.ComToUart) for ComToUart
    bsp_uart_fifo.o(i.comGetChar) refers to bsp_uart_fifo.o(i.UartGetChar) for UartGetChar
    bsp_uart_fifo.o(i.comSendBuf) refers to bsp_uart_fifo.o(i.ComToUart) for ComToUart
    bsp_uart_fifo.o(i.comSendBuf) refers to bsp_uart_fifo.o(i.UartSend) for UartSend
    bsp_uart_fifo.o(i.comSendChar) refers to bsp_uart_fifo.o(i.comSendBuf) for comSendBuf
    bsp_uart_fifo.o(i.fgetc) refers to bsp_uart_fifo.o(i.comGetChar) for comGetChar
    bsp_uart_fifo.o(i.fputc) refers to bsp_uart_fifo.o(i.comSendChar) for comSendChar
    bsp_gps.o(i.Analyze0183) refers to bsp_gps.o(i.CheckXor) for CheckXor
    bsp_gps.o(i.Analyze0183) refers to memcmp.o(.text) for memcmp
    bsp_gps.o(i.Analyze0183) refers to bsp_gps.o(i.gpsGNGGA) for gpsGNGGA
    bsp_gps.o(i.Analyze0183) refers to bsp_gps.o(i.gpsGPGSA) for gpsGPGSA
    bsp_gps.o(i.Analyze0183) refers to bsp_gps.o(i.gpsGPGSV) for gpsGPGSV
    bsp_gps.o(i.Analyze0183) refers to bsp_gps.o(i.gpsGPRMC) for gpsGPRMC
    bsp_gps.o(i.Analyze0183) refers to bsp_gps.o(i.gpsGPVTG) for gpsGPVTG
    bsp_gps.o(i.Analyze0183) refers to bsp_gps.o(i.gpsGPGLL) for gpsGPGLL
    bsp_gps.o(i.CheckXor) refers to bsp_gps.o(i.HexToAscii) for HexToAscii
    bsp_gps.o(i.CheckXor) refers to memcmp.o(.text) for memcmp
    bsp_gps.o(i.bsp_InitGPS) refers to bsp_gps.o(.bss) for g_tGPS
    bsp_gps.o(i.gpsGNGGA) refers to strchr.o(.text) for strchr
    bsp_gps.o(i.gpsGNGGA) refers to bsp_gps.o(i.StrToIntFix) for StrToIntFix
    bsp_gps.o(i.gpsGNGGA) refers to bsp_gps.o(i.StrToInt) for StrToInt
    bsp_gps.o(i.gpsGNGGA) refers to bsp_gps.o(.bss) for g_tGPS
    bsp_gps.o(i.gpsGPGLL) refers to strchr.o(.text) for strchr
    bsp_gps.o(i.gpsGPGLL) refers to bsp_gps.o(i.StrToIntFix) for StrToIntFix
    bsp_gps.o(i.gpsGPGLL) refers to bsp_gps.o(.bss) for g_tGPS
    bsp_gps.o(i.gpsGPGSA) refers to strchr.o(.text) for strchr
    bsp_gps.o(i.gpsGPGSA) refers to bsp_gps.o(i.StrToInt) for StrToInt
    bsp_gps.o(i.gpsGPGSA) refers to bsp_gps.o(.bss) for g_tGPS
    bsp_gps.o(i.gpsGPGSV) refers to strchr.o(.text) for strchr
    bsp_gps.o(i.gpsGPGSV) refers to bsp_gps.o(i.StrToInt) for StrToInt
    bsp_gps.o(i.gpsGPGSV) refers to bsp_gps.o(.bss) for g_tGPS
    bsp_gps.o(i.gpsGPRMC) refers to strchr.o(.text) for strchr
    bsp_gps.o(i.gpsGPRMC) refers to bsp_gps.o(i.StrToIntFix) for StrToIntFix
    bsp_gps.o(i.gpsGPRMC) refers to bsp_gps.o(i.StrToInt) for StrToInt
    bsp_gps.o(i.gpsGPRMC) refers to bsp_gps.o(.bss) for g_tGPS
    bsp_gps.o(i.gpsGPVTG) refers to strchr.o(.text) for strchr
    bsp_gps.o(i.gpsGPVTG) refers to bsp_gps.o(i.StrToInt) for StrToInt
    bsp_gps.o(i.gpsGPVTG) refers to bsp_gps.o(.bss) for g_tGPS
    bsp_gps.o(i.gps_pro) refers to bsp_uart_fifo.o(i.comGetChar) for comGetChar
    bsp_gps.o(i.gps_pro) refers to bsp_gps.o(i.Analyze0183) for Analyze0183
    bsp_gps.o(i.gps_pro) refers to bsp_gps.o(.data) for ucGpsHead
    bsp_gps.o(i.gps_pro) refers to bsp_gps.o(.bss) for ucaGpsBuf
    bsp.o(i.bsp_Init) refers to misc.o(i.NVIC_PriorityGroupConfig) for NVIC_PriorityGroupConfig
    bsp.o(i.bsp_Init) refers to bsp_uart_fifo.o(i.bsp_InitUart) for bsp_InitUart
    startup_stm32f10x_md.o(RESET) refers to startup_stm32f10x_md.o(STACK) for __initial_sp
    startup_stm32f10x_md.o(RESET) refers to startup_stm32f10x_md.o(.text) for Reset_Handler
    startup_stm32f10x_md.o(RESET) refers to stm32f10x_it.o(i.NMI_Handler) for NMI_Handler
    startup_stm32f10x_md.o(RESET) refers to stm32f10x_it.o(i.HardFault_Handler) for HardFault_Handler
    startup_stm32f10x_md.o(RESET) refers to stm32f10x_it.o(i.MemManage_Handler) for MemManage_Handler
    startup_stm32f10x_md.o(RESET) refers to stm32f10x_it.o(i.BusFault_Handler) for BusFault_Handler
    startup_stm32f10x_md.o(RESET) refers to stm32f10x_it.o(i.UsageFault_Handler) for UsageFault_Handler
    startup_stm32f10x_md.o(RESET) refers to stm32f10x_it.o(i.SVC_Handler) for SVC_Handler
    startup_stm32f10x_md.o(RESET) refers to stm32f10x_it.o(i.DebugMon_Handler) for DebugMon_Handler
    startup_stm32f10x_md.o(RESET) refers to stm32f10x_it.o(i.PendSV_Handler) for PendSV_Handler
    startup_stm32f10x_md.o(RESET) refers to bsp_uart_fifo.o(i.USART1_IRQHandler) for USART1_IRQHandler
    startup_stm32f10x_md.o(RESET) refers to bsp_uart_fifo.o(i.USART2_IRQHandler) for USART2_IRQHandler
    startup_stm32f10x_md.o(RESET) refers to bsp_uart_fifo.o(i.USART3_IRQHandler) for USART3_IRQHandler
    startup_stm32f10x_md.o(.text) refers to system_stm32f10x.o(i.SystemInit) for SystemInit
    startup_stm32f10x_md.o(.text) refers to entry.o(.ARM.Collect$$$$00000000) for __main
    stm32f10x_gpio.o(i.GPIO_AFIODeInit) refers to stm32f10x_rcc.o(i.RCC_APB2PeriphResetCmd) for RCC_APB2PeriphResetCmd
    stm32f10x_gpio.o(i.GPIO_DeInit) refers to stm32f10x_rcc.o(i.RCC_APB2PeriphResetCmd) for RCC_APB2PeriphResetCmd
    stm32f10x_rcc.o(i.RCC_GetClocksFreq) refers to stm32f10x_rcc.o(.data) for APBAHBPrescTable
    stm32f10x_rcc.o(i.RCC_WaitForHSEStartUp) refers to stm32f10x_rcc.o(i.RCC_GetFlagStatus) for RCC_GetFlagStatus
    stm32f10x_usart.o(i.USART_DeInit) refers to stm32f10x_rcc.o(i.RCC_APB2PeriphResetCmd) for RCC_APB2PeriphResetCmd
    stm32f10x_usart.o(i.USART_DeInit) refers to stm32f10x_rcc.o(i.RCC_APB1PeriphResetCmd) for RCC_APB1PeriphResetCmd
    stm32f10x_usart.o(i.USART_Init) refers to stm32f10x_rcc.o(i.RCC_GetClocksFreq) for RCC_GetClocksFreq
    system_stm32f10x.o(i.SetSysClock) refers to system_stm32f10x.o(i.SetSysClockTo72) for SetSysClockTo72
    system_stm32f10x.o(i.SystemCoreClockUpdate) refers to system_stm32f10x.o(.data) for SystemCoreClock
    system_stm32f10x.o(i.SystemInit) refers to system_stm32f10x.o(i.SetSysClock) for SetSysClock
    entry.o(.ARM.Collect$$$$00000000) refers (Special) to entry10a.o(.ARM.Collect$$$$0000000D) for __rt_final_cpp
    entry.o(.ARM.Collect$$$$00000000) refers (Special) to entry11a.o(.ARM.Collect$$$$0000000F) for __rt_final_exit
    entry.o(.ARM.Collect$$$$00000000) refers (Special) to entry7b.o(.ARM.Collect$$$$00000008) for _main_clock
    entry.o(.ARM.Collect$$$$00000000) refers (Special) to entry8b.o(.ARM.Collect$$$$0000000A) for _main_cpp_init
    entry.o(.ARM.Collect$$$$00000000) refers (Special) to entry9a.o(.ARM.Collect$$$$0000000B) for _main_init
    entry.o(.ARM.Collect$$$$00000000) refers (Special) to entry5.o(.ARM.Collect$$$$00000004) for _main_scatterload
    entry.o(.ARM.Collect$$$$00000000) refers (Special) to entry2.o(.ARM.Collect$$$$00000001) for _main_stk
    printfb.o(i.__0fprintf$bare) refers to printfb.o(i._printf_core) for _printf_core
    printfb.o(i.__0fprintf$bare) refers to bsp_uart_fifo.o(i.fputc) for fputc
    printfb.o(i.__0printf$bare) refers to printfb.o(i._printf_core) for _printf_core
    printfb.o(i.__0printf$bare) refers to bsp_uart_fifo.o(i.fputc) for fputc
    printfb.o(i.__0printf$bare) refers to stdout.o(.data) for __stdout
    printfb.o(i.__0snprintf$bare) refers to printfb.o(i._printf_core) for _printf_core
    printfb.o(i.__0snprintf$bare) refers to printfb.o(i._snputc) for _snputc
    printfb.o(i.__0sprintf$bare) refers to printfb.o(i._printf_core) for _printf_core
    printfb.o(i.__0sprintf$bare) refers to printfb.o(i._sputc) for _sputc
    printfb.o(i.__0vfprintf$bare) refers to printfb.o(i._printf_core) for _printf_core
    printfb.o(i.__0vfprintf$bare) refers to bsp_uart_fifo.o(i.fputc) for fputc
    printfb.o(i.__0vprintf$bare) refers to printfb.o(i._printf_core) for _printf_core
    printfb.o(i.__0vprintf$bare) refers to bsp_uart_fifo.o(i.fputc) for fputc
    printfb.o(i.__0vprintf$bare) refers to stdout.o(.data) for __stdout
    printfb.o(i.__0vsnprintf$bare) refers to printfb.o(i._printf_core) for _printf_core
    printfb.o(i.__0vsnprintf$bare) refers to printfb.o(i._snputc) for _snputc
    printfb.o(i.__0vsprintf$bare) refers to printfb.o(i._printf_core) for _printf_core
    printfb.o(i.__0vsprintf$bare) refers to printfb.o(i._sputc) for _sputc
    printf0.o(i.__0fprintf$0) refers to printf0.o(i._printf_core) for _printf_core
    printf0.o(i.__0fprintf$0) refers to bsp_uart_fifo.o(i.fputc) for fputc
    printf0.o(i.__0printf$0) refers to printf0.o(i._printf_core) for _printf_core
    printf0.o(i.__0printf$0) refers to bsp_uart_fifo.o(i.fputc) for fputc
    printf0.o(i.__0printf$0) refers to stdout.o(.data) for __stdout
    printf0.o(i.__0snprintf$0) refers to printf0.o(i._printf_core) for _printf_core
    printf0.o(i.__0snprintf$0) refers to printf0.o(i._snputc) for _snputc
    printf0.o(i.__0sprintf$0) refers to printf0.o(i._printf_core) for _printf_core
    printf0.o(i.__0sprintf$0) refers to printf0.o(i._sputc) for _sputc
    printf0.o(i.__0vfprintf$0) refers to printf0.o(i._printf_core) for _printf_core
    printf0.o(i.__0vfprintf$0) refers to bsp_uart_fifo.o(i.fputc) for fputc
    printf0.o(i.__0vprintf$0) refers to printf0.o(i._printf_core) for _printf_core
    printf0.o(i.__0vprintf$0) refers to bsp_uart_fifo.o(i.fputc) for fputc
    printf0.o(i.__0vprintf$0) refers to stdout.o(.data) for __stdout
    printf0.o(i.__0vsnprintf$0) refers to printf0.o(i._printf_core) for _printf_core
    printf0.o(i.__0vsnprintf$0) refers to printf0.o(i._snputc) for _snputc
    printf0.o(i.__0vsprintf$0) refers to printf0.o(i._printf_core) for _printf_core
    printf0.o(i.__0vsprintf$0) refers to printf0.o(i._sputc) for _sputc
    printf1.o(i.__0fprintf$1) refers to printf1.o(i._printf_core) for _printf_core
    printf1.o(i.__0fprintf$1) refers to bsp_uart_fifo.o(i.fputc) for fputc
    printf1.o(i.__0printf$1) refers to printf1.o(i._printf_core) for _printf_core
    printf1.o(i.__0printf$1) refers to bsp_uart_fifo.o(i.fputc) for fputc
    printf1.o(i.__0printf$1) refers to stdout.o(.data) for __stdout
    printf1.o(i.__0snprintf$1) refers to printf1.o(i._printf_core) for _printf_core
    printf1.o(i.__0snprintf$1) refers to printf1.o(i._snputc) for _snputc
    printf1.o(i.__0sprintf$1) refers to printf1.o(i._printf_core) for _printf_core
    printf1.o(i.__0sprintf$1) refers to printf1.o(i._sputc) for _sputc
    printf1.o(i.__0vfprintf$1) refers to printf1.o(i._printf_core) for _printf_core
    printf1.o(i.__0vfprintf$1) refers to bsp_uart_fifo.o(i.fputc) for fputc
    printf1.o(i.__0vprintf$1) refers to printf1.o(i._printf_core) for _printf_core
    printf1.o(i.__0vprintf$1) refers to bsp_uart_fifo.o(i.fputc) for fputc
    printf1.o(i.__0vprintf$1) refers to stdout.o(.data) for __stdout
    printf1.o(i.__0vsnprintf$1) refers to printf1.o(i._printf_core) for _printf_core
    printf1.o(i.__0vsnprintf$1) refers to printf1.o(i._snputc) for _snputc
    printf1.o(i.__0vsprintf$1) refers to printf1.o(i._printf_core) for _printf_core
    printf1.o(i.__0vsprintf$1) refers to printf1.o(i._sputc) for _sputc
    printf1.o(i._printf_core) refers to uidiv.o(.text) for __aeabi_uidivmod
    printf2.o(i.__0fprintf$2) refers to printf2.o(i._printf_core) for _printf_core
    printf2.o(i.__0fprintf$2) refers to bsp_uart_fifo.o(i.fputc) for fputc
    printf2.o(i.__0printf$2) refers to printf2.o(i._printf_core) for _printf_core
    printf2.o(i.__0printf$2) refers to bsp_uart_fifo.o(i.fputc) for fputc
    printf2.o(i.__0printf$2) refers to stdout.o(.data) for __stdout
    printf2.o(i.__0snprintf$2) refers to printf2.o(i._printf_core) for _printf_core
    printf2.o(i.__0snprintf$2) refers to printf2.o(i._snputc) for _snputc
    printf2.o(i.__0sprintf$2) refers to printf2.o(i._printf_core) for _printf_core
    printf2.o(i.__0sprintf$2) refers to printf2.o(i._sputc) for _sputc
    printf2.o(i.__0vfprintf$2) refers to printf2.o(i._printf_core) for _printf_core
    printf2.o(i.__0vfprintf$2) refers to bsp_uart_fifo.o(i.fputc) for fputc
    printf2.o(i.__0vprintf$2) refers to printf2.o(i._printf_core) for _printf_core
    printf2.o(i.__0vprintf$2) refers to bsp_uart_fifo.o(i.fputc) for fputc
    printf2.o(i.__0vprintf$2) refers to stdout.o(.data) for __stdout
    printf2.o(i.__0vsnprintf$2) refers to printf2.o(i._printf_core) for _printf_core
    printf2.o(i.__0vsnprintf$2) refers to printf2.o(i._snputc) for _snputc
    printf2.o(i.__0vsprintf$2) refers to printf2.o(i._printf_core) for _printf_core
    printf2.o(i.__0vsprintf$2) refers to printf2.o(i._sputc) for _sputc
    printf3.o(i.__0fprintf$3) refers to printf3.o(i._printf_core) for _printf_core
    printf3.o(i.__0fprintf$3) refers to bsp_uart_fifo.o(i.fputc) for fputc
    printf3.o(i.__0printf$3) refers to printf3.o(i._printf_core) for _printf_core
    printf3.o(i.__0printf$3) refers to bsp_uart_fifo.o(i.fputc) for fputc
    printf3.o(i.__0printf$3) refers to stdout.o(.data) for __stdout
    printf3.o(i.__0snprintf$3) refers to printf3.o(i._printf_core) for _printf_core
    printf3.o(i.__0snprintf$3) refers to printf3.o(i._snputc) for _snputc
    printf3.o(i.__0sprintf$3) refers to printf3.o(i._printf_core) for _printf_core
    printf3.o(i.__0sprintf$3) refers to printf3.o(i._sputc) for _sputc
    printf3.o(i.__0vfprintf$3) refers to printf3.o(i._printf_core) for _printf_core
    printf3.o(i.__0vfprintf$3) refers to bsp_uart_fifo.o(i.fputc) for fputc
    printf3.o(i.__0vprintf$3) refers to printf3.o(i._printf_core) for _printf_core
    printf3.o(i.__0vprintf$3) refers to bsp_uart_fifo.o(i.fputc) for fputc
    printf3.o(i.__0vprintf$3) refers to stdout.o(.data) for __stdout
    printf3.o(i.__0vsnprintf$3) refers to printf3.o(i._printf_core) for _printf_core
    printf3.o(i.__0vsnprintf$3) refers to printf3.o(i._snputc) for _snputc
    printf3.o(i.__0vsprintf$3) refers to printf3.o(i._printf_core) for _printf_core
    printf3.o(i.__0vsprintf$3) refers to printf3.o(i._sputc) for _sputc
    printf3.o(i._printf_core) refers to uidiv.o(.text) for __aeabi_uidivmod
    printf4.o(i.__0fprintf$4) refers to printf4.o(i._printf_core) for _printf_core
    printf4.o(i.__0fprintf$4) refers to bsp_uart_fifo.o(i.fputc) for fputc
    printf4.o(i.__0printf$4) refers to printf4.o(i._printf_core) for _printf_core
    printf4.o(i.__0printf$4) refers to bsp_uart_fifo.o(i.fputc) for fputc
    printf4.o(i.__0printf$4) refers to stdout.o(.data) for __stdout
    printf4.o(i.__0snprintf$4) refers to printf4.o(i._printf_core) for _printf_core
    printf4.o(i.__0snprintf$4) refers to printf4.o(i._snputc) for _snputc
    printf4.o(i.__0sprintf$4) refers to printf4.o(i._printf_core) for _printf_core
    printf4.o(i.__0sprintf$4) refers to printf4.o(i._sputc) for _sputc
    printf4.o(i.__0vfprintf$4) refers to printf4.o(i._printf_core) for _printf_core
    printf4.o(i.__0vfprintf$4) refers to bsp_uart_fifo.o(i.fputc) for fputc
    printf4.o(i.__0vprintf$4) refers to printf4.o(i._printf_core) for _printf_core
    printf4.o(i.__0vprintf$4) refers to bsp_uart_fifo.o(i.fputc) for fputc
    printf4.o(i.__0vprintf$4) refers to stdout.o(.data) for __stdout
    printf4.o(i.__0vsnprintf$4) refers to printf4.o(i._printf_core) for _printf_core
    printf4.o(i.__0vsnprintf$4) refers to printf4.o(i._snputc) for _snputc
    printf4.o(i.__0vsprintf$4) refers to printf4.o(i._printf_core) for _printf_core
    printf4.o(i.__0vsprintf$4) refers to printf4.o(i._sputc) for _sputc
    printf4.o(i._printf_core) refers to uldiv.o(.text) for __aeabi_uldivmod
    printf5.o(i.__0fprintf$5) refers to printf5.o(i._printf_core) for _printf_core
    printf5.o(i.__0fprintf$5) refers to bsp_uart_fifo.o(i.fputc) for fputc
    printf5.o(i.__0printf$5) refers to printf5.o(i._printf_core) for _printf_core
    printf5.o(i.__0printf$5) refers to bsp_uart_fifo.o(i.fputc) for fputc
    printf5.o(i.__0printf$5) refers to stdout.o(.data) for __stdout
    printf5.o(i.__0snprintf$5) refers to printf5.o(i._printf_core) for _printf_core
    printf5.o(i.__0snprintf$5) refers to printf5.o(i._snputc) for _snputc
    printf5.o(i.__0sprintf$5) refers to printf5.o(i._printf_core) for _printf_core
    printf5.o(i.__0sprintf$5) refers to printf5.o(i._sputc) for _sputc
    printf5.o(i.__0vfprintf$5) refers to printf5.o(i._printf_core) for _printf_core
    printf5.o(i.__0vfprintf$5) refers to bsp_uart_fifo.o(i.fputc) for fputc
    printf5.o(i.__0vprintf$5) refers to printf5.o(i._printf_core) for _printf_core
    printf5.o(i.__0vprintf$5) refers to bsp_uart_fifo.o(i.fputc) for fputc
    printf5.o(i.__0vprintf$5) refers to stdout.o(.data) for __stdout
    printf5.o(i.__0vsnprintf$5) refers to printf5.o(i._printf_core) for _printf_core
    printf5.o(i.__0vsnprintf$5) refers to printf5.o(i._snputc) for _snputc
    printf5.o(i.__0vsprintf$5) refers to printf5.o(i._printf_core) for _printf_core
    printf5.o(i.__0vsprintf$5) refers to printf5.o(i._sputc) for _sputc
    printf5.o(i._printf_core) refers to uldiv.o(.text) for __aeabi_uldivmod
    printf6.o(i.__0fprintf$6) refers to printf6.o(i._printf_core) for _printf_core
    printf6.o(i.__0fprintf$6) refers to bsp_uart_fifo.o(i.fputc) for fputc
    printf6.o(i.__0printf$6) refers to printf6.o(i._printf_core) for _printf_core
    printf6.o(i.__0printf$6) refers to bsp_uart_fifo.o(i.fputc) for fputc
    printf6.o(i.__0printf$6) refers to stdout.o(.data) for __stdout
    printf6.o(i.__0snprintf$6) refers to printf6.o(i._printf_core) for _printf_core
    printf6.o(i.__0snprintf$6) refers to printf6.o(i._snputc) for _snputc
    printf6.o(i.__0sprintf$6) refers to printf6.o(i._printf_core) for _printf_core
    printf6.o(i.__0sprintf$6) refers to printf6.o(i._sputc) for _sputc
    printf6.o(i.__0vfprintf$6) refers to printf6.o(i._printf_core) for _printf_core
    printf6.o(i.__0vfprintf$6) refers to bsp_uart_fifo.o(i.fputc) for fputc
    printf6.o(i.__0vprintf$6) refers to printf6.o(i._printf_core) for _printf_core
    printf6.o(i.__0vprintf$6) refers to bsp_uart_fifo.o(i.fputc) for fputc
    printf6.o(i.__0vprintf$6) refers to stdout.o(.data) for __stdout
    printf6.o(i.__0vsnprintf$6) refers to printf6.o(i._printf_core) for _printf_core
    printf6.o(i.__0vsnprintf$6) refers to printf6.o(i._snputc) for _snputc
    printf6.o(i.__0vsprintf$6) refers to printf6.o(i._printf_core) for _printf_core
    printf6.o(i.__0vsprintf$6) refers to printf6.o(i._sputc) for _sputc
    printf6.o(i._printf_core) refers to printf6.o(i._printf_pre_padding) for _printf_pre_padding
    printf6.o(i._printf_core) refers to uidiv.o(.text) for __aeabi_uidivmod
    printf6.o(i._printf_core) refers to printf6.o(i._printf_post_padding) for _printf_post_padding
    printf7.o(i.__0fprintf$7) refers to printf7.o(i._printf_core) for _printf_core
    printf7.o(i.__0fprintf$7) refers to bsp_uart_fifo.o(i.fputc) for fputc
    printf7.o(i.__0printf$7) refers to printf7.o(i._printf_core) for _printf_core
    printf7.o(i.__0printf$7) refers to bsp_uart_fifo.o(i.fputc) for fputc
    printf7.o(i.__0printf$7) refers to stdout.o(.data) for __stdout
    printf7.o(i.__0snprintf$7) refers to printf7.o(i._printf_core) for _printf_core
    printf7.o(i.__0snprintf$7) refers to printf7.o(i._snputc) for _snputc
    printf7.o(i.__0sprintf$7) refers to printf7.o(i._printf_core) for _printf_core
    printf7.o(i.__0sprintf$7) refers to printf7.o(i._sputc) for _sputc
    printf7.o(i.__0vfprintf$7) refers to printf7.o(i._printf_core) for _printf_core
    printf7.o(i.__0vfprintf$7) refers to bsp_uart_fifo.o(i.fputc) for fputc
    printf7.o(i.__0vprintf$7) refers to printf7.o(i._printf_core) for _printf_core
    printf7.o(i.__0vprintf$7) refers to bsp_uart_fifo.o(i.fputc) for fputc
    printf7.o(i.__0vprintf$7) refers to stdout.o(.data) for __stdout
    printf7.o(i.__0vsnprintf$7) refers to printf7.o(i._printf_core) for _printf_core
    printf7.o(i.__0vsnprintf$7) refers to printf7.o(i._snputc) for _snputc
    printf7.o(i.__0vsprintf$7) refers to printf7.o(i._printf_core) for _printf_core
    printf7.o(i.__0vsprintf$7) refers to printf7.o(i._sputc) for _sputc
    printf7.o(i._printf_core) refers to printf7.o(i._printf_pre_padding) for _printf_pre_padding
    printf7.o(i._printf_core) refers to uldiv.o(.text) for __aeabi_uldivmod
    printf7.o(i._printf_core) refers to printf7.o(i._printf_post_padding) for _printf_post_padding
    printf8.o(i.__0fprintf$8) refers to printf8.o(i._printf_core) for _printf_core
    printf8.o(i.__0fprintf$8) refers to bsp_uart_fifo.o(i.fputc) for fputc
    printf8.o(i.__0printf$8) refers to printf8.o(i._printf_core) for _printf_core
    printf8.o(i.__0printf$8) refers to bsp_uart_fifo.o(i.fputc) for fputc
    printf8.o(i.__0printf$8) refers to stdout.o(.data) for __stdout
    printf8.o(i.__0snprintf$8) refers to printf8.o(i._printf_core) for _printf_core
    printf8.o(i.__0snprintf$8) refers to printf8.o(i._snputc) for _snputc
    printf8.o(i.__0sprintf$8) refers to printf8.o(i._printf_core) for _printf_core
    printf8.o(i.__0sprintf$8) refers to printf8.o(i._sputc) for _sputc
    printf8.o(i.__0vfprintf$8) refers to printf8.o(i._printf_core) for _printf_core
    printf8.o(i.__0vfprintf$8) refers to bsp_uart_fifo.o(i.fputc) for fputc
    printf8.o(i.__0vprintf$8) refers to printf8.o(i._printf_core) for _printf_core
    printf8.o(i.__0vprintf$8) refers to bsp_uart_fifo.o(i.fputc) for fputc
    printf8.o(i.__0vprintf$8) refers to stdout.o(.data) for __stdout
    printf8.o(i.__0vsnprintf$8) refers to printf8.o(i._printf_core) for _printf_core
    printf8.o(i.__0vsnprintf$8) refers to printf8.o(i._snputc) for _snputc
    printf8.o(i.__0vsprintf$8) refers to printf8.o(i._printf_core) for _printf_core
    printf8.o(i.__0vsprintf$8) refers to printf8.o(i._sputc) for _sputc
    printf8.o(i._printf_core) refers to printf8.o(i._printf_pre_padding) for _printf_pre_padding
    printf8.o(i._printf_core) refers to uldiv.o(.text) for __aeabi_uldivmod
    printf8.o(i._printf_core) refers to printf8.o(i._printf_post_padding) for _printf_post_padding
    printfa.o(i.__0fprintf) refers (Special) to iusefp.o(.text) for __I$use$fp
    printfa.o(i.__0fprintf) refers to printfa.o(i._printf_core) for _printf_core
    printfa.o(i.__0fprintf) refers to bsp_uart_fifo.o(i.fputc) for fputc
    printfa.o(i.__0printf) refers (Special) to iusefp.o(.text) for __I$use$fp
    printfa.o(i.__0printf) refers to printfa.o(i._printf_core) for _printf_core
    printfa.o(i.__0printf) refers to bsp_uart_fifo.o(i.fputc) for fputc
    printfa.o(i.__0printf) refers to stdout.o(.data) for __stdout
    printfa.o(i.__0snprintf) refers (Special) to iusefp.o(.text) for __I$use$fp
    printfa.o(i.__0snprintf) refers to printfa.o(i._printf_core) for _printf_core
    printfa.o(i.__0snprintf) refers to printfa.o(i._snputc) for _snputc
    printfa.o(i.__0sprintf) refers (Special) to iusefp.o(.text) for __I$use$fp
    printfa.o(i.__0sprintf) refers to printfa.o(i._printf_core) for _printf_core
    printfa.o(i.__0sprintf) refers to printfa.o(i._sputc) for _sputc
    printfa.o(i.__0vfprintf) refers (Special) to iusefp.o(.text) for __I$use$fp
    printfa.o(i.__0vfprintf) refers to printfa.o(i._printf_core) for _printf_core
    printfa.o(i.__0vfprintf) refers to bsp_uart_fifo.o(i.fputc) for fputc
    printfa.o(i.__0vprintf) refers (Special) to iusefp.o(.text) for __I$use$fp
    printfa.o(i.__0vprintf) refers to printfa.o(i._printf_core) for _printf_core
    printfa.o(i.__0vprintf) refers to bsp_uart_fifo.o(i.fputc) for fputc
    printfa.o(i.__0vprintf) refers to stdout.o(.data) for __stdout
    printfa.o(i.__0vsnprintf) refers (Special) to iusefp.o(.text) for __I$use$fp
    printfa.o(i.__0vsnprintf) refers to printfa.o(i._printf_core) for _printf_core
    printfa.o(i.__0vsnprintf) refers to printfa.o(i._snputc) for _snputc
    printfa.o(i.__0vsprintf) refers (Special) to iusefp.o(.text) for __I$use$fp
    printfa.o(i.__0vsprintf) refers to printfa.o(i._printf_core) for _printf_core
    printfa.o(i.__0vsprintf) refers to printfa.o(i._sputc) for _sputc
    printfa.o(i._fp_digits) refers (Special) to iusefp.o(.text) for __I$use$fp
    printfa.o(i._fp_digits) refers to dmul.o(.text) for __aeabi_dmul
    printfa.o(i._fp_digits) refers to ddiv.o(.text) for __aeabi_ddiv
    printfa.o(i._fp_digits) refers to cdrcmple.o(.text) for __aeabi_cdrcmple
    printfa.o(i._fp_digits) refers to dadd.o(.text) for __aeabi_dadd
    printfa.o(i._fp_digits) refers to dfixul.o(.text) for __aeabi_d2ulz
    printfa.o(i._fp_digits) refers to uldiv.o(.text) for __aeabi_uldivmod
    printfa.o(i._printf_core) refers (Special) to iusefp.o(.text) for __I$use$fp
    printfa.o(i._printf_core) refers to printfa.o(i._printf_pre_padding) for _printf_pre_padding
    printfa.o(i._printf_core) refers to uldiv.o(.text) for __aeabi_uldivmod
    printfa.o(i._printf_core) refers to printfa.o(i._printf_post_padding) for _printf_post_padding
    printfa.o(i._printf_core) refers to printfa.o(i._fp_digits) for _fp_digits
    printfa.o(i._printf_core) refers to uidiv.o(.text) for __aeabi_uidivmod
    printfa.o(i._printf_post_padding) refers (Special) to iusefp.o(.text) for __I$use$fp
    printfa.o(i._printf_pre_padding) refers (Special) to iusefp.o(.text) for __I$use$fp
    printfa.o(i._snputc) refers (Special) to iusefp.o(.text) for __I$use$fp
    printfa.o(i._sputc) refers (Special) to iusefp.o(.text) for __I$use$fp
    entry2.o(.ARM.Collect$$$$00000001) refers to entry2.o(.ARM.Collect$$$$00002712) for __lit__00000000
    entry2.o(.ARM.Collect$$$$00002712) refers to startup_stm32f10x_md.o(STACK) for __initial_sp
    entry2.o(__vectab_stack_and_reset_area) refers to startup_stm32f10x_md.o(STACK) for __initial_sp
    entry2.o(__vectab_stack_and_reset_area) refers to entry.o(.ARM.Collect$$$$00000000) for __main
    entry5.o(.ARM.Collect$$$$00000004) refers to init.o(.text) for __scatterload
    entry9a.o(.ARM.Collect$$$$0000000B) refers to main.o(i.main) for main
    entry9b.o(.ARM.Collect$$$$0000000C) refers to main.o(i.main) for main
    uldiv.o(.text) refers to llushr.o(.text) for __aeabi_llsr
    uldiv.o(.text) refers to llshl.o(.text) for __aeabi_llsl
    dadd.o(.text) refers to llshl.o(.text) for __aeabi_llsl
    dadd.o(.text) refers to llsshr.o(.text) for __aeabi_lasr
    dadd.o(.text) refers to depilogue.o(.text) for _double_epilogue
    dmul.o(.text) refers to depilogue.o(.text) for _double_epilogue
    ddiv.o(.text) refers to depilogue.o(.text) for _double_round
    dfixul.o(.text) refers to llushr.o(.text) for __aeabi_llsr
    dfixul.o(.text) refers to llshl.o(.text) for __aeabi_llsl
    init.o(.text) refers to entry5.o(.ARM.Collect$$$$00000004) for __main_after_scatterload
    depilogue.o(.text) refers to llshl.o(.text) for __aeabi_llsl
    depilogue.o(.text) refers to llushr.o(.text) for __aeabi_llsr


==============================================================================

Removing Unused input sections from the image.

    Removing main.o(.rev16_text), (4 bytes).
    Removing main.o(.revsh_text), (4 bytes).
    Removing bsp_uart_fifo.o(.rev16_text), (4 bytes).
    Removing bsp_uart_fifo.o(.revsh_text), (4 bytes).
    Removing bsp_uart_fifo.o(i.comClearRxFifo), (28 bytes).
    Removing bsp_uart_fifo.o(i.comClearTxFifo), (28 bytes).
    Removing bsp_uart_fifo.o(i.fgetc), (24 bytes).
    Removing stm32f10x_it.o(.rev16_text), (4 bytes).
    Removing stm32f10x_it.o(.revsh_text), (4 bytes).
    Removing stm32f10x_assert.o(.rev16_text), (4 bytes).
    Removing stm32f10x_assert.o(.revsh_text), (4 bytes).
    Removing bsp_gps.o(.rev16_text), (4 bytes).
    Removing bsp_gps.o(.revsh_text), (4 bytes).
    Removing bsp_gps.o(i.UTCDate), (2 bytes).
    Removing bsp_gps.o(i.bsp_InitGPS), (20 bytes).
    Removing bsp.o(.rev16_text), (4 bytes).
    Removing bsp.o(.revsh_text), (4 bytes).
    Removing bsp.o(i.bsp_Idle), (2 bytes).
    Removing bsp.o(i.bsp_Init), (16 bytes).
    Removing bsp.o(i.bsp_RunPer1ms), (2 bytes).
    Removing startup_stm32f10x_md.o(HEAP), (512 bytes).
    Removing misc.o(.rev16_text), (4 bytes).
    Removing misc.o(.revsh_text), (4 bytes).
    Removing misc.o(i.NVIC_PriorityGroupConfig), (20 bytes).
    Removing misc.o(i.NVIC_SetVectorTable), (20 bytes).
    Removing misc.o(i.NVIC_SystemLPConfig), (32 bytes).
    Removing misc.o(i.SysTick_CLKSourceConfig), (40 bytes).
    Removing stm32f10x_gpio.o(.rev16_text), (4 bytes).
    Removing stm32f10x_gpio.o(.revsh_text), (4 bytes).
    Removing stm32f10x_gpio.o(i.GPIO_AFIODeInit), (20 bytes).
    Removing stm32f10x_gpio.o(i.GPIO_DeInit), (200 bytes).
    Removing stm32f10x_gpio.o(i.GPIO_ETH_MediaInterfaceConfig), (12 bytes).
    Removing stm32f10x_gpio.o(i.GPIO_EXTILineConfig), (64 bytes).
    Removing stm32f10x_gpio.o(i.GPIO_EventOutputCmd), (12 bytes).
    Removing stm32f10x_gpio.o(i.GPIO_EventOutputConfig), (32 bytes).
    Removing stm32f10x_gpio.o(i.GPIO_PinLockConfig), (18 bytes).
    Removing stm32f10x_gpio.o(i.GPIO_PinRemapConfig), (144 bytes).
    Removing stm32f10x_gpio.o(i.GPIO_ReadInputData), (8 bytes).
    Removing stm32f10x_gpio.o(i.GPIO_ReadInputDataBit), (18 bytes).
    Removing stm32f10x_gpio.o(i.GPIO_ReadOutputData), (8 bytes).
    Removing stm32f10x_gpio.o(i.GPIO_ReadOutputDataBit), (18 bytes).
    Removing stm32f10x_gpio.o(i.GPIO_ResetBits), (4 bytes).
    Removing stm32f10x_gpio.o(i.GPIO_SetBits), (4 bytes).
    Removing stm32f10x_gpio.o(i.GPIO_StructInit), (16 bytes).
    Removing stm32f10x_gpio.o(i.GPIO_Write), (4 bytes).
    Removing stm32f10x_gpio.o(i.GPIO_WriteBit), (10 bytes).
    Removing stm32f10x_rcc.o(.rev16_text), (4 bytes).
    Removing stm32f10x_rcc.o(.revsh_text), (4 bytes).
    Removing stm32f10x_rcc.o(i.RCC_ADCCLKConfig), (24 bytes).
    Removing stm32f10x_rcc.o(i.RCC_AHBPeriphClockCmd), (32 bytes).
    Removing stm32f10x_rcc.o(i.RCC_APB1PeriphResetCmd), (32 bytes).
    Removing stm32f10x_rcc.o(i.RCC_APB2PeriphResetCmd), (32 bytes).
    Removing stm32f10x_rcc.o(i.RCC_AdjustHSICalibrationValue), (24 bytes).
    Removing stm32f10x_rcc.o(i.RCC_BackupResetCmd), (12 bytes).
    Removing stm32f10x_rcc.o(i.RCC_ClearFlag), (20 bytes).
    Removing stm32f10x_rcc.o(i.RCC_ClearITPendingBit), (12 bytes).
    Removing stm32f10x_rcc.o(i.RCC_ClockSecuritySystemCmd), (12 bytes).
    Removing stm32f10x_rcc.o(i.RCC_DeInit), (76 bytes).
    Removing stm32f10x_rcc.o(i.RCC_GetFlagStatus), (60 bytes).
    Removing stm32f10x_rcc.o(i.RCC_GetITStatus), (24 bytes).
    Removing stm32f10x_rcc.o(i.RCC_GetSYSCLKSource), (16 bytes).
    Removing stm32f10x_rcc.o(i.RCC_HCLKConfig), (24 bytes).
    Removing stm32f10x_rcc.o(i.RCC_HSEConfig), (76 bytes).
    Removing stm32f10x_rcc.o(i.RCC_HSICmd), (12 bytes).
    Removing stm32f10x_rcc.o(i.RCC_ITConfig), (32 bytes).
    Removing stm32f10x_rcc.o(i.RCC_LSEConfig), (52 bytes).
    Removing stm32f10x_rcc.o(i.RCC_LSICmd), (12 bytes).
    Removing stm32f10x_rcc.o(i.RCC_MCOConfig), (12 bytes).
    Removing stm32f10x_rcc.o(i.RCC_PCLK1Config), (24 bytes).
    Removing stm32f10x_rcc.o(i.RCC_PCLK2Config), (24 bytes).
    Removing stm32f10x_rcc.o(i.RCC_PLLCmd), (12 bytes).
    Removing stm32f10x_rcc.o(i.RCC_PLLConfig), (28 bytes).
    Removing stm32f10x_rcc.o(i.RCC_RTCCLKCmd), (12 bytes).
    Removing stm32f10x_rcc.o(i.RCC_RTCCLKConfig), (16 bytes).
    Removing stm32f10x_rcc.o(i.RCC_SYSCLKConfig), (24 bytes).
    Removing stm32f10x_rcc.o(i.RCC_USBCLKConfig), (12 bytes).
    Removing stm32f10x_rcc.o(i.RCC_WaitForHSEStartUp), (56 bytes).
    Removing stm32f10x_usart.o(.rev16_text), (4 bytes).
    Removing stm32f10x_usart.o(.revsh_text), (4 bytes).
    Removing stm32f10x_usart.o(i.USART_ClearITPendingBit), (30 bytes).
    Removing stm32f10x_usart.o(i.USART_ClockInit), (34 bytes).
    Removing stm32f10x_usart.o(i.USART_ClockStructInit), (12 bytes).
    Removing stm32f10x_usart.o(i.USART_DMACmd), (18 bytes).
    Removing stm32f10x_usart.o(i.USART_DeInit), (156 bytes).
    Removing stm32f10x_usart.o(i.USART_GetFlagStatus), (26 bytes).
    Removing stm32f10x_usart.o(i.USART_HalfDuplexCmd), (24 bytes).
    Removing stm32f10x_usart.o(i.USART_IrDACmd), (24 bytes).
    Removing stm32f10x_usart.o(i.USART_IrDAConfig), (18 bytes).
    Removing stm32f10x_usart.o(i.USART_LINBreakDetectLengthConfig), (18 bytes).
    Removing stm32f10x_usart.o(i.USART_LINCmd), (24 bytes).
    Removing stm32f10x_usart.o(i.USART_OneBitMethodCmd), (24 bytes).
    Removing stm32f10x_usart.o(i.USART_OverSampling8Cmd), (22 bytes).
    Removing stm32f10x_usart.o(i.USART_ReceiverWakeUpCmd), (24 bytes).
    Removing stm32f10x_usart.o(i.USART_SendBreak), (10 bytes).
    Removing stm32f10x_usart.o(i.USART_SetAddress), (18 bytes).
    Removing stm32f10x_usart.o(i.USART_SetGuardTime), (16 bytes).
    Removing stm32f10x_usart.o(i.USART_SetPrescaler), (16 bytes).
    Removing stm32f10x_usart.o(i.USART_SmartCardCmd), (24 bytes).
    Removing stm32f10x_usart.o(i.USART_SmartCardNACKCmd), (24 bytes).
    Removing stm32f10x_usart.o(i.USART_StructInit), (24 bytes).
    Removing stm32f10x_usart.o(i.USART_WakeUpConfig), (18 bytes).
    Removing system_stm32f10x.o(.rev16_text), (4 bytes).
    Removing system_stm32f10x.o(.revsh_text), (4 bytes).
    Removing system_stm32f10x.o(i.SystemCoreClockUpdate), (164 bytes).
    Removing system_stm32f10x.o(.data), (20 bytes).
    Removing dadd.o(.text), (334 bytes).
    Removing dmul.o(.text), (228 bytes).
    Removing ddiv.o(.text), (222 bytes).
    Removing dfixul.o(.text), (48 bytes).
    Removing cdrcmple.o(.text), (48 bytes).
    Removing depilogue.o(.text), (186 bytes).

111 unused section(s) (total 4084 bytes) removed from the image.

==============================================================================

Image Symbol Table

    Local Symbols

    Symbol Name                              Value     Ov Type        Size  Object(Section)

    ../clib/microlib/division.c              0x00000000   Number         0  uldiv.o ABSOLUTE
    ../clib/microlib/division.c              0x00000000   Number         0  uidiv.o ABSOLUTE
    ../clib/microlib/init/entry.s            0x00000000   Number         0  entry.o ABSOLUTE
    ../clib/microlib/init/entry.s            0x00000000   Number         0  entry5.o ABSOLUTE
    ../clib/microlib/init/entry.s            0x00000000   Number         0  entry7a.o ABSOLUTE
    ../clib/microlib/init/entry.s            0x00000000   Number         0  entry7b.o ABSOLUTE
    ../clib/microlib/init/entry.s            0x00000000   Number         0  entry8a.o ABSOLUTE
    ../clib/microlib/init/entry.s            0x00000000   Number         0  entry2.o ABSOLUTE
    ../clib/microlib/init/entry.s            0x00000000   Number         0  entry8b.o ABSOLUTE
    ../clib/microlib/init/entry.s            0x00000000   Number         0  entry9a.o ABSOLUTE
    ../clib/microlib/init/entry.s            0x00000000   Number         0  entry9b.o ABSOLUTE
    ../clib/microlib/init/entry.s            0x00000000   Number         0  entry10a.o ABSOLUTE
    ../clib/microlib/init/entry.s            0x00000000   Number         0  entry10b.o ABSOLUTE
    ../clib/microlib/init/entry.s            0x00000000   Number         0  entry11b.o ABSOLUTE
    ../clib/microlib/init/entry.s            0x00000000   Number         0  entry11a.o ABSOLUTE
    ../clib/microlib/longlong.c              0x00000000   Number         0  llushr.o ABSOLUTE
    ../clib/microlib/longlong.c              0x00000000   Number         0  llshl.o ABSOLUTE
    ../clib/microlib/longlong.c              0x00000000   Number         0  llsshr.o ABSOLUTE
    ../clib/microlib/printf/printf.c         0x00000000   Number         0  printf7.o ABSOLUTE
    ../clib/microlib/printf/printf.c         0x00000000   Number         0  printf6.o ABSOLUTE
    ../clib/microlib/printf/printf.c         0x00000000   Number         0  printf0.o ABSOLUTE
    ../clib/microlib/printf/printf.c         0x00000000   Number         0  printf5.o ABSOLUTE
    ../clib/microlib/printf/printf.c         0x00000000   Number         0  printfb.o ABSOLUTE
    ../clib/microlib/printf/printf.c         0x00000000   Number         0  printf4.o ABSOLUTE
    ../clib/microlib/printf/printf.c         0x00000000   Number         0  printf3.o ABSOLUTE
    ../clib/microlib/printf/printf.c         0x00000000   Number         0  printf1.o ABSOLUTE
    ../clib/microlib/printf/printf.c         0x00000000   Number         0  printf2.o ABSOLUTE
    ../clib/microlib/printf/printf.c         0x00000000   Number         0  printf8.o ABSOLUTE
    ../clib/microlib/printf/printf.c         0x00000000   Number         0  printfa.o ABSOLUTE
    ../clib/microlib/printf/stubs.s          0x00000000   Number         0  stubs.o ABSOLUTE
    ../clib/microlib/stdio/streams.c         0x00000000   Number         0  stdout.o ABSOLUTE
    ../clib/microlib/string/memcmp.c         0x00000000   Number         0  memcmp.o ABSOLUTE
    ../clib/microlib/string/strchr.c         0x00000000   Number         0  strchr.o ABSOLUTE
    ../clib/microlib/string/strlen.c         0x00000000   Number         0  strlen.o ABSOLUTE
    ../clib/microlib/stubs.s                 0x00000000   Number         0  iusefp.o ABSOLUTE
    ../fplib/microlib/fpadd.c                0x00000000   Number         0  dadd.o ABSOLUTE
    ../fplib/microlib/fpdiv.c                0x00000000   Number         0  ddiv.o ABSOLUTE
    ../fplib/microlib/fpepilogue.c           0x00000000   Number         0  depilogue.o ABSOLUTE
    ../fplib/microlib/fpfix.c                0x00000000   Number         0  dfixul.o ABSOLUTE
    ../fplib/microlib/fpmul.c                0x00000000   Number         0  dmul.o ABSOLUTE
    ..\..\Libraries\CMSIS\Device\ST\STM32F10x\Source\Templates\arm\startup_stm32f10x_md.s 0x00000000   Number         0  startup_stm32f10x_md.o ABSOLUTE
    ..\..\Libraries\STM32F10x_StdPeriph_Driver\src\misc.c 0x00000000   Number         0  misc.o ABSOLUTE
    ..\..\Libraries\STM32F10x_StdPeriph_Driver\src\stm32f10x_gpio.c 0x00000000   Number         0  stm32f10x_gpio.o ABSOLUTE
    ..\..\Libraries\STM32F10x_StdPeriph_Driver\src\stm32f10x_rcc.c 0x00000000   Number         0  stm32f10x_rcc.o ABSOLUTE
    ..\..\Libraries\STM32F10x_StdPeriph_Driver\src\stm32f10x_usart.c 0x00000000   Number         0  stm32f10x_usart.o ABSOLUTE
    ..\..\User\app\src\main.c                0x00000000   Number         0  main.o ABSOLUTE
    ..\..\User\bsp\bsp.c                     0x00000000   Number         0  bsp.o ABSOLUTE
    ..\..\User\bsp\src\bsp_gps.c             0x00000000   Number         0  bsp_gps.o ABSOLUTE
    ..\..\User\bsp\src\bsp_uart_fifo.c       0x00000000   Number         0  bsp_uart_fifo.o ABSOLUTE
    ..\..\User\bsp\stm32f10x_assert.c        0x00000000   Number         0  stm32f10x_assert.o ABSOLUTE
    ..\..\User\bsp\stm32f10x_it.c            0x00000000   Number         0  stm32f10x_it.o ABSOLUTE
    ..\..\User\bsp\system_stm32f10x.c        0x00000000   Number         0  system_stm32f10x.o ABSOLUTE
    ..\\..\\Libraries\\STM32F10x_StdPeriph_Driver\\src\\misc.c 0x00000000   Number         0  misc.o ABSOLUTE
    ..\\..\\Libraries\\STM32F10x_StdPeriph_Driver\\src\\stm32f10x_gpio.c 0x00000000   Number         0  stm32f10x_gpio.o ABSOLUTE
    ..\\..\\Libraries\\STM32F10x_StdPeriph_Driver\\src\\stm32f10x_rcc.c 0x00000000   Number         0  stm32f10x_rcc.o ABSOLUTE
    ..\\..\\Libraries\\STM32F10x_StdPeriph_Driver\\src\\stm32f10x_usart.c 0x00000000   Number         0  stm32f10x_usart.o ABSOLUTE
    ..\\..\\User\\app\\src\\main.c           0x00000000   Number         0  main.o ABSOLUTE
    ..\\..\\User\\bsp\\bsp.c                 0x00000000   Number         0  bsp.o ABSOLUTE
    ..\\..\\User\\bsp\\src\\bsp_gps.c        0x00000000   Number         0  bsp_gps.o ABSOLUTE
    ..\\..\\User\\bsp\\src\\bsp_uart_fifo.c  0x00000000   Number         0  bsp_uart_fifo.o ABSOLUTE
    ..\\..\\User\\bsp\\stm32f10x_assert.c    0x00000000   Number         0  stm32f10x_assert.o ABSOLUTE
    ..\\..\\User\\bsp\\stm32f10x_it.c        0x00000000   Number         0  stm32f10x_it.o ABSOLUTE
    ..\\..\\User\\bsp\\system_stm32f10x.c    0x00000000   Number         0  system_stm32f10x.o ABSOLUTE
    cdrcmple.s                               0x00000000   Number         0  cdrcmple.o ABSOLUTE
    dc.s                                     0x00000000   Number         0  dc.o ABSOLUTE
    handlers.s                               0x00000000   Number         0  handlers.o ABSOLUTE
    init.s                                   0x00000000   Number         0  init.o ABSOLUTE
    RESET                                    0x08000000   Section      236  startup_stm32f10x_md.o(RESET)
    .ARM.Collect$$$$00000000                 0x080000ec   Section        0  entry.o(.ARM.Collect$$$$00000000)
    .ARM.Collect$$$$00000001                 0x080000ec   Section        4  entry2.o(.ARM.Collect$$$$00000001)
    .ARM.Collect$$$$00000004                 0x080000f0   Section        4  entry5.o(.ARM.Collect$$$$00000004)
    .ARM.Collect$$$$00000008                 0x080000f4   Section        0  entry7b.o(.ARM.Collect$$$$00000008)
    .ARM.Collect$$$$0000000A                 0x080000f4   Section        0  entry8b.o(.ARM.Collect$$$$0000000A)
    .ARM.Collect$$$$0000000B                 0x080000f4   Section        8  entry9a.o(.ARM.Collect$$$$0000000B)
    .ARM.Collect$$$$0000000D                 0x080000fc   Section        0  entry10a.o(.ARM.Collect$$$$0000000D)
    .ARM.Collect$$$$0000000F                 0x080000fc   Section        0  entry11a.o(.ARM.Collect$$$$0000000F)
    .ARM.Collect$$$$00002712                 0x080000fc   Section        4  entry2.o(.ARM.Collect$$$$00002712)
    __lit__00000000                          0x080000fc   Data           4  entry2.o(.ARM.Collect$$$$00002712)
    .text                                    0x08000100   Section       36  startup_stm32f10x_md.o(.text)
    .text                                    0x08000124   Section        0  strchr.o(.text)
    .text                                    0x08000138   Section        0  strlen.o(.text)
    .text                                    0x08000146   Section        0  memcmp.o(.text)
    .text                                    0x08000160   Section        0  uidiv.o(.text)
    .text                                    0x0800018c   Section       36  init.o(.text)
    i.Analyze0183                            0x080001b0   Section        0  bsp_gps.o(i.Analyze0183)
    i.BusFault_Handler                       0x0800027c   Section        0  stm32f10x_it.o(i.BusFault_Handler)
    i.CheckXor                               0x08000280   Section        0  bsp_gps.o(i.CheckXor)
    i.ComToUart                              0x080002f4   Section        0  bsp_uart_fifo.o(i.ComToUart)
    i.ConfigUartNVIC                         0x0800032c   Section        0  bsp_uart_fifo.o(i.ConfigUartNVIC)
    ConfigUartNVIC                           0x0800032d   Thumb Code    74  bsp_uart_fifo.o(i.ConfigUartNVIC)
    i.DebugMon_Handler                       0x08000376   Section        0  stm32f10x_it.o(i.DebugMon_Handler)
    i.DispGPSStatus                          0x08000378   Section        0  main.o(i.DispGPSStatus)
    DispGPSStatus                            0x08000379   Thumb Code   580  main.o(i.DispGPSStatus)
    i.GPIO_Init                              0x080006a8   Section        0  stm32f10x_gpio.o(i.GPIO_Init)
    i.HardFault_Handler                      0x080007c0   Section        0  stm32f10x_it.o(i.HardFault_Handler)
    i.HexToAscii                             0x080007e8   Section        0  bsp_gps.o(i.HexToAscii)
    i.InitHardUart                           0x08000828   Section        0  bsp_uart_fifo.o(i.InitHardUart)
    InitHardUart                             0x08000829   Thumb Code   450  bsp_uart_fifo.o(i.InitHardUart)
    i.MemManage_Handler                      0x08000a00   Section        0  stm32f10x_it.o(i.MemManage_Handler)
    i.NMI_Handler                            0x08000a04   Section        0  stm32f10x_it.o(i.NMI_Handler)
    i.NVIC_Init                              0x08000a08   Section        0  misc.o(i.NVIC_Init)
    i.PendSV_Handler                         0x08000a78   Section        0  stm32f10x_it.o(i.PendSV_Handler)
    i.RCC_APB1PeriphClockCmd                 0x08000a7c   Section        0  stm32f10x_rcc.o(i.RCC_APB1PeriphClockCmd)
    i.RCC_APB2PeriphClockCmd                 0x08000a9c   Section        0  stm32f10x_rcc.o(i.RCC_APB2PeriphClockCmd)
    i.RCC_GetClocksFreq                      0x08000abc   Section        0  stm32f10x_rcc.o(i.RCC_GetClocksFreq)
    i.SVC_Handler                            0x08000b90   Section        0  stm32f10x_it.o(i.SVC_Handler)
    i.SetSysClock                            0x08000b92   Section        0  system_stm32f10x.o(i.SetSysClock)
    SetSysClock                              0x08000b93   Thumb Code     8  system_stm32f10x.o(i.SetSysClock)
    i.SetSysClockTo72                        0x08000b9c   Section        0  system_stm32f10x.o(i.SetSysClockTo72)
    SetSysClockTo72                          0x08000b9d   Thumb Code   214  system_stm32f10x.o(i.SetSysClockTo72)
    i.StrToInt                               0x08000c7c   Section        0  bsp_gps.o(i.StrToInt)
    i.StrToIntFix                            0x08000cd0   Section        0  bsp_gps.o(i.StrToIntFix)
    i.SystemInit                             0x08000d2c   Section        0  system_stm32f10x.o(i.SystemInit)
    i.USART1_IRQHandler                      0x08000d8c   Section        0  bsp_uart_fifo.o(i.USART1_IRQHandler)
    i.USART2_IRQHandler                      0x08000d9c   Section        0  bsp_uart_fifo.o(i.USART2_IRQHandler)
    i.USART3_IRQHandler                      0x08000dac   Section        0  bsp_uart_fifo.o(i.USART3_IRQHandler)
    i.USART_ClearFlag                        0x08000dbc   Section        0  stm32f10x_usart.o(i.USART_ClearFlag)
    i.USART_Cmd                              0x08000dce   Section        0  stm32f10x_usart.o(i.USART_Cmd)
    i.USART_GetITStatus                      0x08000de6   Section        0  stm32f10x_usart.o(i.USART_GetITStatus)
    i.USART_ITConfig                         0x08000e3a   Section        0  stm32f10x_usart.o(i.USART_ITConfig)
    i.USART_Init                             0x08000e84   Section        0  stm32f10x_usart.o(i.USART_Init)
    i.USART_ReceiveData                      0x08000f5c   Section        0  stm32f10x_usart.o(i.USART_ReceiveData)
    i.USART_SendData                         0x08000f66   Section        0  stm32f10x_usart.o(i.USART_SendData)
    i.UartGetChar                            0x08000f6e   Section        0  bsp_uart_fifo.o(i.UartGetChar)
    UartGetChar                              0x08000f6f   Thumb Code    74  bsp_uart_fifo.o(i.UartGetChar)
    i.UartIRQ                                0x08000fb8   Section        0  bsp_uart_fifo.o(i.UartIRQ)
    UartIRQ                                  0x08000fb9   Thumb Code   230  bsp_uart_fifo.o(i.UartIRQ)
    i.UartSend                               0x0800109e   Section        0  bsp_uart_fifo.o(i.UartSend)
    UartSend                                 0x0800109f   Thumb Code   114  bsp_uart_fifo.o(i.UartSend)
    i.UartVarInit                            0x08001110   Section        0  bsp_uart_fifo.o(i.UartVarInit)
    UartVarInit                              0x08001111   Thumb Code   128  bsp_uart_fifo.o(i.UartVarInit)
    i.UsageFault_Handler                     0x080011c0   Section        0  stm32f10x_it.o(i.UsageFault_Handler)
    i.__0printf$6                            0x080011c4   Section        0  printf6.o(i.__0printf$6)
    i.__0sprintf$6                           0x080011e4   Section        0  printf6.o(i.__0sprintf$6)
    i.__scatterload_copy                     0x0800120c   Section       14  handlers.o(i.__scatterload_copy)
    i.__scatterload_null                     0x0800121a   Section        2  handlers.o(i.__scatterload_null)
    i.__scatterload_zeroinit                 0x0800121c   Section       14  handlers.o(i.__scatterload_zeroinit)
    i.__set_PRIMASK                          0x0800122a   Section        0  bsp_uart_fifo.o(i.__set_PRIMASK)
    __set_PRIMASK                            0x0800122b   Thumb Code     6  bsp_uart_fifo.o(i.__set_PRIMASK)
    i._printf_core                           0x08001230   Section        0  printf6.o(i._printf_core)
    _printf_core                             0x08001231   Thumb Code   748  printf6.o(i._printf_core)
    i._printf_post_padding                   0x08001520   Section        0  printf6.o(i._printf_post_padding)
    _printf_post_padding                     0x08001521   Thumb Code    36  printf6.o(i._printf_post_padding)
    i._printf_pre_padding                    0x08001544   Section        0  printf6.o(i._printf_pre_padding)
    _printf_pre_padding                      0x08001545   Thumb Code    46  printf6.o(i._printf_pre_padding)
    i._sputc                                 0x08001572   Section        0  printf6.o(i._sputc)
    _sputc                                   0x08001573   Thumb Code    10  printf6.o(i._sputc)
    i.bsp_InitUart                           0x0800157c   Section        0  bsp_uart_fifo.o(i.bsp_InitUart)
    i.comGetChar                             0x0800158c   Section        0  bsp_uart_fifo.o(i.comGetChar)
    i.comSendBuf                             0x080015aa   Section        0  bsp_uart_fifo.o(i.comSendBuf)
    i.comSendChar                            0x080015d8   Section        0  bsp_uart_fifo.o(i.comSendChar)
    i.fputc                                  0x080015e8   Section        0  bsp_uart_fifo.o(i.fputc)
    i.gpsGNGGA                               0x080015fc   Section        0  bsp_gps.o(i.gpsGNGGA)
    i.gpsGPGLL                               0x080017b4   Section        0  bsp_gps.o(i.gpsGPGLL)
    i.gpsGPGSA                               0x08001908   Section        0  bsp_gps.o(i.gpsGPGSA)
    i.gpsGPGSV                               0x080019c4   Section        0  bsp_gps.o(i.gpsGPGSV)
    i.gpsGPRMC                               0x08001ac0   Section        0  bsp_gps.o(i.gpsGPRMC)
    i.gpsGPVTG                               0x08001ca8   Section        0  bsp_gps.o(i.gpsGPVTG)
    i.gps_FenToDu                            0x08001d58   Section        0  bsp_gps.o(i.gps_FenToDu)
    i.gps_FenToMiao                          0x08001d66   Section        0  bsp_gps.o(i.gps_FenToMiao)
    i.gps_pro                                0x08001da4   Section        0  bsp_gps.o(i.gps_pro)
    i.main                                   0x08001e3c   Section        0  main.o(i.main)
    .data                                    0x20000000   Section        4  bsp_gps.o(.data)
    ucGpsHead                                0x20000000   Data           1  bsp_gps.o(.data)
    usGpsPos                                 0x20000002   Data           2  bsp_gps.o(.data)
    .data                                    0x20000004   Section       20  stm32f10x_rcc.o(.data)
    APBAHBPrescTable                         0x20000004   Data          16  stm32f10x_rcc.o(.data)
    ADCPrescTable                            0x20000014   Data           4  stm32f10x_rcc.o(.data)
    .data                                    0x20000018   Section        4  stdout.o(.data)
    .bss                                     0x2000001c   Section     6264  bsp_uart_fifo.o(.bss)
    g_tUart1                                 0x2000001c   Data          40  bsp_uart_fifo.o(.bss)
    g_TxBuf1                                 0x20000044   Data        1024  bsp_uart_fifo.o(.bss)
    g_RxBuf1                                 0x20000444   Data        1024  bsp_uart_fifo.o(.bss)
    g_tUart2                                 0x20000844   Data          40  bsp_uart_fifo.o(.bss)
    g_TxBuf2                                 0x2000086c   Data        1024  bsp_uart_fifo.o(.bss)
    g_RxBuf2                                 0x20000c6c   Data        1024  bsp_uart_fifo.o(.bss)
    g_tUart3                                 0x2000106c   Data          40  bsp_uart_fifo.o(.bss)
    g_TxBuf3                                 0x20001094   Data        1024  bsp_uart_fifo.o(.bss)
    g_RxBuf3                                 0x20001494   Data        1024  bsp_uart_fifo.o(.bss)
    .bss                                     0x20001894   Section      632  bsp_gps.o(.bss)
    ucaGpsBuf                                0x2000190c   Data         512  bsp_gps.o(.bss)
    STACK                                    0x20001b10   Section     1024  startup_stm32f10x_md.o(STACK)

    Global Symbols

    Symbol Name                              Value     Ov Type        Size  Object(Section)

    BuildAttributes$$THM_ISAv4$P$D$K$B$S$PE$A:L22UL41UL21$X:L11$S22US41US21$IEEE1$IW$USESV6$~STKCKD$USESV7$~SHL$OSPACE$ROPI$EBA8$MICROLIB$REQ8$PRES8$EABIv2 0x00000000   Number         0  anon$$obj.o ABSOLUTE
    __ARM_use_no_argv                        0x00000000   Number         0  main.o ABSOLUTE
    _printf_a                                0x00000000   Number         0  stubs.o ABSOLUTE
    _printf_c                                0x00000000   Number         0  stubs.o ABSOLUTE
    _printf_charcount                        0x00000000   Number         0  stubs.o ABSOLUTE
    _printf_d                                0x00000000   Number         0  stubs.o ABSOLUTE
    _printf_e                                0x00000000   Number         0  stubs.o ABSOLUTE
    _printf_f                                0x00000000   Number         0  stubs.o ABSOLUTE
    _printf_flags                            0x00000000   Number         0  stubs.o ABSOLUTE
    _printf_fp_dec                           0x00000000   Number         0  stubs.o ABSOLUTE
    _printf_fp_hex                           0x00000000   Number         0  stubs.o ABSOLUTE
    _printf_g                                0x00000000   Number         0  stubs.o ABSOLUTE
    _printf_i                                0x00000000   Number         0  stubs.o ABSOLUTE
    _printf_int_dec                          0x00000000   Number         0  stubs.o ABSOLUTE
    _printf_l                                0x00000000   Number         0  stubs.o ABSOLUTE
    _printf_lc                               0x00000000   Number         0  stubs.o ABSOLUTE
    _printf_ll                               0x00000000   Number         0  stubs.o ABSOLUTE
    _printf_lld                              0x00000000   Number         0  stubs.o ABSOLUTE
    _printf_lli                              0x00000000   Number         0  stubs.o ABSOLUTE
    _printf_llo                              0x00000000   Number         0  stubs.o ABSOLUTE
    _printf_llu                              0x00000000   Number         0  stubs.o ABSOLUTE
    _printf_llx                              0x00000000   Number         0  stubs.o ABSOLUTE
    _printf_longlong_dec                     0x00000000   Number         0  stubs.o ABSOLUTE
    _printf_longlong_hex                     0x00000000   Number         0  stubs.o ABSOLUTE
    _printf_longlong_oct                     0x00000000   Number         0  stubs.o ABSOLUTE
    _printf_ls                               0x00000000   Number         0  stubs.o ABSOLUTE
    _printf_mbtowc                           0x00000000   Number         0  stubs.o ABSOLUTE
    _printf_n                                0x00000000   Number         0  stubs.o ABSOLUTE
    _printf_o                                0x00000000   Number         0  stubs.o ABSOLUTE
    _printf_p                                0x00000000   Number         0  stubs.o ABSOLUTE
    _printf_percent                          0x00000000   Number         0  stubs.o ABSOLUTE
    _printf_pre_padding                      0x00000000   Number         0  stubs.o ABSOLUTE
    _printf_return_value                     0x00000000   Number         0  stubs.o ABSOLUTE
    _printf_s                                0x00000000   Number         0  stubs.o ABSOLUTE
    _printf_sizespec                         0x00000000   Number         0  stubs.o ABSOLUTE
    _printf_str                              0x00000000   Number         0  stubs.o ABSOLUTE
    _printf_truncate_signed                  0x00000000   Number         0  stubs.o ABSOLUTE
    _printf_truncate_unsigned                0x00000000   Number         0  stubs.o ABSOLUTE
    _printf_u                                0x00000000   Number         0  stubs.o ABSOLUTE
    _printf_wc                               0x00000000   Number         0  stubs.o ABSOLUTE
    _printf_wctomb                           0x00000000   Number         0  stubs.o ABSOLUTE
    _printf_widthprec                        0x00000000   Number         0  stubs.o ABSOLUTE
    _printf_x                                0x00000000   Number         0  stubs.o ABSOLUTE
    __cpp_initialize__aeabi_                  - Undefined Weak Reference
    __cxa_finalize                            - Undefined Weak Reference
    __decompress                              - Undefined Weak Reference
    _clock_init                               - Undefined Weak Reference
    _microlib_exit                            - Undefined Weak Reference
    __Vectors_Size                           0x000000ec   Number         0  startup_stm32f10x_md.o ABSOLUTE
    __Vectors                                0x08000000   Data           4  startup_stm32f10x_md.o(RESET)
    __Vectors_End                            0x080000ec   Data           0  startup_stm32f10x_md.o(RESET)
    __main                                   0x080000ed   Thumb Code     0  entry.o(.ARM.Collect$$$$00000000)
    _main_stk                                0x080000ed   Thumb Code     0  entry2.o(.ARM.Collect$$$$00000001)
    _main_scatterload                        0x080000f1   Thumb Code     0  entry5.o(.ARM.Collect$$$$00000004)
    __main_after_scatterload                 0x080000f5   Thumb Code     0  entry5.o(.ARM.Collect$$$$00000004)
    _main_clock                              0x080000f5   Thumb Code     0  entry7b.o(.ARM.Collect$$$$00000008)
    _main_cpp_init                           0x080000f5   Thumb Code     0  entry8b.o(.ARM.Collect$$$$0000000A)
    _main_init                               0x080000f5   Thumb Code     0  entry9a.o(.ARM.Collect$$$$0000000B)
    __rt_final_cpp                           0x080000fd   Thumb Code     0  entry10a.o(.ARM.Collect$$$$0000000D)
    __rt_final_exit                          0x080000fd   Thumb Code     0  entry11a.o(.ARM.Collect$$$$0000000F)
    Reset_Handler                            0x08000101   Thumb Code     8  startup_stm32f10x_md.o(.text)
    SysTick_Handler                          0x08000119   Thumb Code     2  startup_stm32f10x_md.o(.text)
    ADC1_2_IRQHandler                        0x0800011b   Thumb Code     0  startup_stm32f10x_md.o(.text)
    CAN1_RX1_IRQHandler                      0x0800011b   Thumb Code     0  startup_stm32f10x_md.o(.text)
    CAN1_SCE_IRQHandler                      0x0800011b   Thumb Code     0  startup_stm32f10x_md.o(.text)
    DMA1_Channel1_IRQHandler                 0x0800011b   Thumb Code     0  startup_stm32f10x_md.o(.text)
    DMA1_Channel2_IRQHandler                 0x0800011b   Thumb Code     0  startup_stm32f10x_md.o(.text)
    DMA1_Channel3_IRQHandler                 0x0800011b   Thumb Code     0  startup_stm32f10x_md.o(.text)
    DMA1_Channel4_IRQHandler                 0x0800011b   Thumb Code     0  startup_stm32f10x_md.o(.text)
    DMA1_Channel5_IRQHandler                 0x0800011b   Thumb Code     0  startup_stm32f10x_md.o(.text)
    DMA1_Channel6_IRQHandler                 0x0800011b   Thumb Code     0  startup_stm32f10x_md.o(.text)
    DMA1_Channel7_IRQHandler                 0x0800011b   Thumb Code     0  startup_stm32f10x_md.o(.text)
    EXTI0_IRQHandler                         0x0800011b   Thumb Code     0  startup_stm32f10x_md.o(.text)
    EXTI15_10_IRQHandler                     0x0800011b   Thumb Code     0  startup_stm32f10x_md.o(.text)
    EXTI1_IRQHandler                         0x0800011b   Thumb Code     0  startup_stm32f10x_md.o(.text)
    EXTI2_IRQHandler                         0x0800011b   Thumb Code     0  startup_stm32f10x_md.o(.text)
    EXTI3_IRQHandler                         0x0800011b   Thumb Code     0  startup_stm32f10x_md.o(.text)
    EXTI4_IRQHandler                         0x0800011b   Thumb Code     0  startup_stm32f10x_md.o(.text)
    EXTI9_5_IRQHandler                       0x0800011b   Thumb Code     0  startup_stm32f10x_md.o(.text)
    FLASH_IRQHandler                         0x0800011b   Thumb Code     0  startup_stm32f10x_md.o(.text)
    I2C1_ER_IRQHandler                       0x0800011b   Thumb Code     0  startup_stm32f10x_md.o(.text)
    I2C1_EV_IRQHandler                       0x0800011b   Thumb Code     0  startup_stm32f10x_md.o(.text)
    I2C2_ER_IRQHandler                       0x0800011b   Thumb Code     0  startup_stm32f10x_md.o(.text)
    I2C2_EV_IRQHandler                       0x0800011b   Thumb Code     0  startup_stm32f10x_md.o(.text)
    PVD_IRQHandler                           0x0800011b   Thumb Code     0  startup_stm32f10x_md.o(.text)
    RCC_IRQHandler                           0x0800011b   Thumb Code     0  startup_stm32f10x_md.o(.text)
    RTCAlarm_IRQHandler                      0x0800011b   Thumb Code     0  startup_stm32f10x_md.o(.text)
    RTC_IRQHandler                           0x0800011b   Thumb Code     0  startup_stm32f10x_md.o(.text)
    SPI1_IRQHandler                          0x0800011b   Thumb Code     0  startup_stm32f10x_md.o(.text)
    SPI2_IRQHandler                          0x0800011b   Thumb Code     0  startup_stm32f10x_md.o(.text)
    TAMPER_IRQHandler                        0x0800011b   Thumb Code     0  startup_stm32f10x_md.o(.text)
    TIM1_BRK_IRQHandler                      0x0800011b   Thumb Code     0  startup_stm32f10x_md.o(.text)
    TIM1_CC_IRQHandler                       0x0800011b   Thumb Code     0  startup_stm32f10x_md.o(.text)
    TIM1_TRG_COM_IRQHandler                  0x0800011b   Thumb Code     0  startup_stm32f10x_md.o(.text)
    TIM1_UP_IRQHandler                       0x0800011b   Thumb Code     0  startup_stm32f10x_md.o(.text)
    TIM2_IRQHandler                          0x0800011b   Thumb Code     0  startup_stm32f10x_md.o(.text)
    TIM3_IRQHandler                          0x0800011b   Thumb Code     0  startup_stm32f10x_md.o(.text)
    TIM4_IRQHandler                          0x0800011b   Thumb Code     0  startup_stm32f10x_md.o(.text)
    USBWakeUp_IRQHandler                     0x0800011b   Thumb Code     0  startup_stm32f10x_md.o(.text)
    USB_HP_CAN1_TX_IRQHandler                0x0800011b   Thumb Code     0  startup_stm32f10x_md.o(.text)
    USB_LP_CAN1_RX0_IRQHandler               0x0800011b   Thumb Code     0  startup_stm32f10x_md.o(.text)
    WWDG_IRQHandler                          0x0800011b   Thumb Code     0  startup_stm32f10x_md.o(.text)
    strchr                                   0x08000125   Thumb Code    20  strchr.o(.text)
    strlen                                   0x08000139   Thumb Code    14  strlen.o(.text)
    memcmp                                   0x08000147   Thumb Code    26  memcmp.o(.text)
    __aeabi_uidiv                            0x08000161   Thumb Code     0  uidiv.o(.text)
    __aeabi_uidivmod                         0x08000161   Thumb Code    44  uidiv.o(.text)
    __scatterload                            0x0800018d   Thumb Code    28  init.o(.text)
    __scatterload_rt2                        0x0800018d   Thumb Code     0  init.o(.text)
    Analyze0183                              0x080001b1   Thumb Code   154  bsp_gps.o(i.Analyze0183)
    BusFault_Handler                         0x0800027d   Thumb Code     4  stm32f10x_it.o(i.BusFault_Handler)
    CheckXor                                 0x08000281   Thumb Code   116  bsp_gps.o(i.CheckXor)
    ComToUart                                0x080002f5   Thumb Code    44  bsp_uart_fifo.o(i.ComToUart)
    DebugMon_Handler                         0x08000377   Thumb Code     2  stm32f10x_it.o(i.DebugMon_Handler)
    GPIO_Init                                0x080006a9   Thumb Code   278  stm32f10x_gpio.o(i.GPIO_Init)
    HardFault_Handler                        0x080007c1   Thumb Code    34  stm32f10x_it.o(i.HardFault_Handler)
    HexToAscii                               0x080007e9   Thumb Code    62  bsp_gps.o(i.HexToAscii)
    MemManage_Handler                        0x08000a01   Thumb Code     4  stm32f10x_it.o(i.MemManage_Handler)
    NMI_Handler                              0x08000a05   Thumb Code     2  stm32f10x_it.o(i.NMI_Handler)
    NVIC_Init                                0x08000a09   Thumb Code   100  misc.o(i.NVIC_Init)
    PendSV_Handler                           0x08000a79   Thumb Code     2  stm32f10x_it.o(i.PendSV_Handler)
    RCC_APB1PeriphClockCmd                   0x08000a7d   Thumb Code    26  stm32f10x_rcc.o(i.RCC_APB1PeriphClockCmd)
    RCC_APB2PeriphClockCmd                   0x08000a9d   Thumb Code    26  stm32f10x_rcc.o(i.RCC_APB2PeriphClockCmd)
    RCC_GetClocksFreq                        0x08000abd   Thumb Code   192  stm32f10x_rcc.o(i.RCC_GetClocksFreq)
    SVC_Handler                              0x08000b91   Thumb Code     2  stm32f10x_it.o(i.SVC_Handler)
    StrToInt                                 0x08000c7d   Thumb Code    84  bsp_gps.o(i.StrToInt)
    StrToIntFix                              0x08000cd1   Thumb Code    90  bsp_gps.o(i.StrToIntFix)
    SystemInit                               0x08000d2d   Thumb Code    78  system_stm32f10x.o(i.SystemInit)
    USART1_IRQHandler                        0x08000d8d   Thumb Code    10  bsp_uart_fifo.o(i.USART1_IRQHandler)
    USART2_IRQHandler                        0x08000d9d   Thumb Code    10  bsp_uart_fifo.o(i.USART2_IRQHandler)
    USART3_IRQHandler                        0x08000dad   Thumb Code    10  bsp_uart_fifo.o(i.USART3_IRQHandler)
    USART_ClearFlag                          0x08000dbd   Thumb Code    18  stm32f10x_usart.o(i.USART_ClearFlag)
    USART_Cmd                                0x08000dcf   Thumb Code    24  stm32f10x_usart.o(i.USART_Cmd)
    USART_GetITStatus                        0x08000de7   Thumb Code    84  stm32f10x_usart.o(i.USART_GetITStatus)
    USART_ITConfig                           0x08000e3b   Thumb Code    74  stm32f10x_usart.o(i.USART_ITConfig)
    USART_Init                               0x08000e85   Thumb Code   210  stm32f10x_usart.o(i.USART_Init)
    USART_ReceiveData                        0x08000f5d   Thumb Code    10  stm32f10x_usart.o(i.USART_ReceiveData)
    USART_SendData                           0x08000f67   Thumb Code     8  stm32f10x_usart.o(i.USART_SendData)
    UsageFault_Handler                       0x080011c1   Thumb Code     4  stm32f10x_it.o(i.UsageFault_Handler)
    __0printf$6                              0x080011c5   Thumb Code    22  printf6.o(i.__0printf$6)
    __1printf$6                              0x080011c5   Thumb Code     0  printf6.o(i.__0printf$6)
    __2printf                                0x080011c5   Thumb Code     0  printf6.o(i.__0printf$6)
    __0sprintf$6                             0x080011e5   Thumb Code    34  printf6.o(i.__0sprintf$6)
    __1sprintf$6                             0x080011e5   Thumb Code     0  printf6.o(i.__0sprintf$6)
    __2sprintf                               0x080011e5   Thumb Code     0  printf6.o(i.__0sprintf$6)
    __scatterload_copy                       0x0800120d   Thumb Code    14  handlers.o(i.__scatterload_copy)
    __scatterload_null                       0x0800121b   Thumb Code     2  handlers.o(i.__scatterload_null)
    __scatterload_zeroinit                   0x0800121d   Thumb Code    14  handlers.o(i.__scatterload_zeroinit)
    bsp_InitUart                             0x0800157d   Thumb Code    16  bsp_uart_fifo.o(i.bsp_InitUart)
    comGetChar                               0x0800158d   Thumb Code    30  bsp_uart_fifo.o(i.comGetChar)
    comSendBuf                               0x080015ab   Thumb Code    46  bsp_uart_fifo.o(i.comSendBuf)
    comSendChar                              0x080015d9   Thumb Code    16  bsp_uart_fifo.o(i.comSendChar)
    fputc                                    0x080015e9   Thumb Code    18  bsp_uart_fifo.o(i.fputc)
    gpsGNGGA                                 0x080015fd   Thumb Code   434  bsp_gps.o(i.gpsGNGGA)
    gpsGPGLL                                 0x080017b5   Thumb Code   336  bsp_gps.o(i.gpsGPGLL)
    gpsGPGSA                                 0x08001909   Thumb Code   184  bsp_gps.o(i.gpsGPGSA)
    gpsGPGSV                                 0x080019c5   Thumb Code   248  bsp_gps.o(i.gpsGPGSV)
    gpsGPRMC                                 0x08001ac1   Thumb Code   482  bsp_gps.o(i.gpsGPRMC)
    gpsGPVTG                                 0x08001ca9   Thumb Code   172  bsp_gps.o(i.gpsGPVTG)
    gps_FenToDu                              0x08001d59   Thumb Code    14  bsp_gps.o(i.gps_FenToDu)
    gps_FenToMiao                            0x08001d67   Thumb Code    62  bsp_gps.o(i.gps_FenToMiao)
    gps_pro                                  0x08001da5   Thumb Code   134  bsp_gps.o(i.gps_pro)
    main                                     0x08001e3d   Thumb Code    16  main.o(i.main)
    Region$$Table$$Base                      0x08001e4c   Number         0  anon$$obj.o(Region$$Table)
    Region$$Table$$Limit                     0x08001e6c   Number         0  anon$$obj.o(Region$$Table)
    __stdout                                 0x20000018   Data           4  stdout.o(.data)
    g_tGPS                                   0x20001894   Data         120  bsp_gps.o(.bss)
    __initial_sp                             0x20001f10   Data           0  startup_stm32f10x_md.o(STACK)



==============================================================================

Memory Map of the image

  Image Entry point : 0x080000ed

  Load Region LR_IROM1 (Base: 0x08000000, Size: 0x00001e88, Max: 0x00010000, ABSOLUTE)

    Execution Region ER_IROM1 (Exec base: 0x08000000, Load base: 0x08000000, Size: 0x00001e6c, Max: 0x00010000, ABSOLUTE)

    Exec Addr    Load Addr    Size         Type   Attr      Idx    E Section Name        Object

    0x08000000   0x08000000   0x000000ec   Data   RO          503    RESET               startup_stm32f10x_md.o
    0x080000ec   0x080000ec   0x00000000   Code   RO         1112  * .ARM.Collect$$$$00000000  mc_w.l(entry.o)
    0x080000ec   0x080000ec   0x00000004   Code   RO         1382    .ARM.Collect$$$$00000001  mc_w.l(entry2.o)
    0x080000f0   0x080000f0   0x00000004   Code   RO         1385    .ARM.Collect$$$$00000004  mc_w.l(entry5.o)
    0x080000f4   0x080000f4   0x00000000   Code   RO         1387    .ARM.Collect$$$$00000008  mc_w.l(entry7b.o)
    0x080000f4   0x080000f4   0x00000000   Code   RO         1389    .ARM.Collect$$$$0000000A  mc_w.l(entry8b.o)
    0x080000f4   0x080000f4   0x00000008   Code   RO         1390    .ARM.Collect$$$$0000000B  mc_w.l(entry9a.o)
    0x080000fc   0x080000fc   0x00000000   Code   RO         1392    .ARM.Collect$$$$0000000D  mc_w.l(entry10a.o)
    0x080000fc   0x080000fc   0x00000000   Code   RO         1394    .ARM.Collect$$$$0000000F  mc_w.l(entry11a.o)
    0x080000fc   0x080000fc   0x00000004   Code   RO         1383    .ARM.Collect$$$$00002712  mc_w.l(entry2.o)
    0x08000100   0x08000100   0x00000024   Code   RO          504    .text               startup_stm32f10x_md.o
    0x08000124   0x08000124   0x00000014   Code   RO         1115    .text               mc_w.l(strchr.o)
    0x08000138   0x08000138   0x0000000e   Code   RO         1117    .text               mc_w.l(strlen.o)
    0x08000146   0x08000146   0x0000001a   Code   RO         1119    .text               mc_w.l(memcmp.o)
    0x08000160   0x08000160   0x0000002c   Code   RO         1397    .text               mc_w.l(uidiv.o)
    0x0800018c   0x0800018c   0x00000024   Code   RO         1412    .text               mc_w.l(init.o)
    0x080001b0   0x080001b0   0x000000cc   Code   RO          354    i.Analyze0183       bsp_gps.o
    0x0800027c   0x0800027c   0x00000004   Code   RO          275    i.BusFault_Handler  stm32f10x_it.o
    0x08000280   0x08000280   0x00000074   Code   RO          355    i.CheckXor          bsp_gps.o
    0x080002f4   0x080002f4   0x00000038   Code   RO          149    i.ComToUart         bsp_uart_fifo.o
    0x0800032c   0x0800032c   0x0000004a   Code   RO          150    i.ConfigUartNVIC    bsp_uart_fifo.o
    0x08000376   0x08000376   0x00000002   Code   RO          276    i.DebugMon_Handler  stm32f10x_it.o
    0x08000378   0x08000378   0x00000330   Code   RO            3    i.DispGPSStatus     main.o
    0x080006a8   0x080006a8   0x00000116   Code   RO          560    i.GPIO_Init         stm32f10x_gpio.o
    0x080007be   0x080007be   0x00000002   PAD
    0x080007c0   0x080007c0   0x00000028   Code   RO          277    i.HardFault_Handler  stm32f10x_it.o
    0x080007e8   0x080007e8   0x0000003e   Code   RO          356    i.HexToAscii        bsp_gps.o
    0x08000826   0x08000826   0x00000002   PAD
    0x08000828   0x08000828   0x000001d8   Code   RO          151    i.InitHardUart      bsp_uart_fifo.o
    0x08000a00   0x08000a00   0x00000004   Code   RO          278    i.MemManage_Handler  stm32f10x_it.o
    0x08000a04   0x08000a04   0x00000002   Code   RO          279    i.NMI_Handler       stm32f10x_it.o
    0x08000a06   0x08000a06   0x00000002   PAD
    0x08000a08   0x08000a08   0x00000070   Code   RO          510    i.NVIC_Init         misc.o
    0x08000a78   0x08000a78   0x00000002   Code   RO          280    i.PendSV_Handler    stm32f10x_it.o
    0x08000a7a   0x08000a7a   0x00000002   PAD
    0x08000a7c   0x08000a7c   0x00000020   Code   RO          678    i.RCC_APB1PeriphClockCmd  stm32f10x_rcc.o
    0x08000a9c   0x08000a9c   0x00000020   Code   RO          680    i.RCC_APB2PeriphClockCmd  stm32f10x_rcc.o
    0x08000abc   0x08000abc   0x000000d4   Code   RO          688    i.RCC_GetClocksFreq  stm32f10x_rcc.o
    0x08000b90   0x08000b90   0x00000002   Code   RO          281    i.SVC_Handler       stm32f10x_it.o
    0x08000b92   0x08000b92   0x00000008   Code   RO         1072    i.SetSysClock       system_stm32f10x.o
    0x08000b9a   0x08000b9a   0x00000002   PAD
    0x08000b9c   0x08000b9c   0x000000e0   Code   RO         1073    i.SetSysClockTo72   system_stm32f10x.o
    0x08000c7c   0x08000c7c   0x00000054   Code   RO          357    i.StrToInt          bsp_gps.o
    0x08000cd0   0x08000cd0   0x0000005a   Code   RO          358    i.StrToIntFix       bsp_gps.o
    0x08000d2a   0x08000d2a   0x00000002   PAD
    0x08000d2c   0x08000d2c   0x00000060   Code   RO         1075    i.SystemInit        system_stm32f10x.o
    0x08000d8c   0x08000d8c   0x00000010   Code   RO          152    i.USART1_IRQHandler  bsp_uart_fifo.o
    0x08000d9c   0x08000d9c   0x00000010   Code   RO          153    i.USART2_IRQHandler  bsp_uart_fifo.o
    0x08000dac   0x08000dac   0x00000010   Code   RO          154    i.USART3_IRQHandler  bsp_uart_fifo.o
    0x08000dbc   0x08000dbc   0x00000012   Code   RO          884    i.USART_ClearFlag   stm32f10x_usart.o
    0x08000dce   0x08000dce   0x00000018   Code   RO          888    i.USART_Cmd         stm32f10x_usart.o
    0x08000de6   0x08000de6   0x00000054   Code   RO          892    i.USART_GetITStatus  stm32f10x_usart.o
    0x08000e3a   0x08000e3a   0x0000004a   Code   RO          894    i.USART_ITConfig    stm32f10x_usart.o
    0x08000e84   0x08000e84   0x000000d8   Code   RO          895    i.USART_Init        stm32f10x_usart.o
    0x08000f5c   0x08000f5c   0x0000000a   Code   RO          902    i.USART_ReceiveData  stm32f10x_usart.o
    0x08000f66   0x08000f66   0x00000008   Code   RO          905    i.USART_SendData    stm32f10x_usart.o
    0x08000f6e   0x08000f6e   0x0000004a   Code   RO          155    i.UartGetChar       bsp_uart_fifo.o
    0x08000fb8   0x08000fb8   0x000000e6   Code   RO          156    i.UartIRQ           bsp_uart_fifo.o
    0x0800109e   0x0800109e   0x00000072   Code   RO          157    i.UartSend          bsp_uart_fifo.o
    0x08001110   0x08001110   0x000000b0   Code   RO          158    i.UartVarInit       bsp_uart_fifo.o
    0x080011c0   0x080011c0   0x00000004   Code   RO          282    i.UsageFault_Handler  stm32f10x_it.o
    0x080011c4   0x080011c4   0x00000020   Code   RO         1276    i.__0printf$6       mc_w.l(printf6.o)
    0x080011e4   0x080011e4   0x00000028   Code   RO         1278    i.__0sprintf$6      mc_w.l(printf6.o)
    0x0800120c   0x0800120c   0x0000000e   Code   RO         1424    i.__scatterload_copy  mc_w.l(handlers.o)
    0x0800121a   0x0800121a   0x00000002   Code   RO         1425    i.__scatterload_null  mc_w.l(handlers.o)
    0x0800121c   0x0800121c   0x0000000e   Code   RO         1426    i.__scatterload_zeroinit  mc_w.l(handlers.o)
    0x0800122a   0x0800122a   0x00000006   Code   RO          159    i.__set_PRIMASK     bsp_uart_fifo.o
    0x08001230   0x08001230   0x000002f0   Code   RO         1283    i._printf_core      mc_w.l(printf6.o)
    0x08001520   0x08001520   0x00000024   Code   RO         1284    i._printf_post_padding  mc_w.l(printf6.o)
    0x08001544   0x08001544   0x0000002e   Code   RO         1285    i._printf_pre_padding  mc_w.l(printf6.o)
    0x08001572   0x08001572   0x0000000a   Code   RO         1287    i._sputc            mc_w.l(printf6.o)
    0x0800157c   0x0800157c   0x00000010   Code   RO          160    i.bsp_InitUart      bsp_uart_fifo.o
    0x0800158c   0x0800158c   0x0000001e   Code   RO          163    i.comGetChar        bsp_uart_fifo.o
    0x080015aa   0x080015aa   0x0000002e   Code   RO          164    i.comSendBuf        bsp_uart_fifo.o
    0x080015d8   0x080015d8   0x00000010   Code   RO          165    i.comSendChar       bsp_uart_fifo.o
    0x080015e8   0x080015e8   0x00000012   Code   RO          167    i.fputc             bsp_uart_fifo.o
    0x080015fa   0x080015fa   0x00000002   PAD
    0x080015fc   0x080015fc   0x000001b8   Code   RO          361    i.gpsGNGGA          bsp_gps.o
    0x080017b4   0x080017b4   0x00000154   Code   RO          362    i.gpsGPGLL          bsp_gps.o
    0x08001908   0x08001908   0x000000bc   Code   RO          363    i.gpsGPGSA          bsp_gps.o
    0x080019c4   0x080019c4   0x000000fc   Code   RO          364    i.gpsGPGSV          bsp_gps.o
    0x08001ac0   0x08001ac0   0x000001e8   Code   RO          365    i.gpsGPRMC          bsp_gps.o
    0x08001ca8   0x08001ca8   0x000000b0   Code   RO          366    i.gpsGPVTG          bsp_gps.o
    0x08001d58   0x08001d58   0x0000000e   Code   RO          367    i.gps_FenToDu       bsp_gps.o
    0x08001d66   0x08001d66   0x0000003e   Code   RO          368    i.gps_FenToMiao     bsp_gps.o
    0x08001da4   0x08001da4   0x00000098   Code   RO          369    i.gps_pro           bsp_gps.o
    0x08001e3c   0x08001e3c   0x00000010   Code   RO            4    i.main              main.o
    0x08001e4c   0x08001e4c   0x00000020   Data   RO         1422    Region$$Table       anon$$obj.o


    Execution Region RW_IRAM1 (Exec base: 0x20000000, Load base: 0x08001e6c, Size: 0x00001f10, Max: 0x00005000, ABSOLUTE)

    Exec Addr    Load Addr    Size         Type   Attr      Idx    E Section Name        Object

    0x20000000   0x08001e6c   0x00000004   Data   RW          371    .data               bsp_gps.o
    0x20000004   0x08001e70   0x00000014   Data   RW          708    .data               stm32f10x_rcc.o
    0x20000018   0x08001e84   0x00000004   Data   RW         1396    .data               mc_w.l(stdout.o)
    0x2000001c        -       0x00001878   Zero   RW          168    .bss                bsp_uart_fifo.o
    0x20001894        -       0x00000278   Zero   RW          370    .bss                bsp_gps.o
    0x20001b0c   0x08001e88   0x00000004   PAD
    0x20001b10        -       0x00000400   Zero   RW          501    STACK               startup_stm32f10x_md.o


==============================================================================

Image component sizes


      Code (inc. data)   RO Data    RW Data    ZI Data      Debug   Object Name

      2668         96          0          4        632      11534   bsp_gps.o
      1376        100          0          0       6264      11387   bsp_uart_fifo.o
       832        236          0          0          0     236507   main.o
       112         12          0          0          0       1128   misc.o
        36          8        236          0       1024        896   startup_stm32f10x_md.o
       278          0          0          0          0       2072   stm32f10x_gpio.o
        60          6          0          0          0       3588   stm32f10x_it.o
       276         32          0         20          0       4654   stm32f10x_rcc.o
       434          6          0          0          0       6469   stm32f10x_usart.o
       328         28          0          0          0       1953   system_stm32f10x.o

    ----------------------------------------------------------------------
      6414        524        268         24       7924     280188   Object Totals
         0          0         32          0          0          0   (incl. Generated)
        14          0          0          0          4          0   (incl. Padding)

    ----------------------------------------------------------------------

      Code (inc. data)   RO Data    RW Data    ZI Data      Debug   Library Member Name

         0          0          0          0          0          0   entry.o
         0          0          0          0          0          0   entry10a.o
         0          0          0          0          0          0   entry11a.o
         8          4          0          0          0          0   entry2.o
         4          0          0          0          0          0   entry5.o
         0          0          0          0          0          0   entry7b.o
         0          0          0          0          0          0   entry8b.o
         8          4          0          0          0          0   entry9a.o
        30          0          0          0          0          0   handlers.o
        36          8          0          0          0         68   init.o
        26          0          0          0          0         80   memcmp.o
       916         20          0          0          0        504   printf6.o
         0          0          0          4          0          0   stdout.o
        20          0          0          0          0         68   strchr.o
        14          0          0          0          0         68   strlen.o
        44          0          0          0          0         80   uidiv.o

    ----------------------------------------------------------------------
      1106         36          0          4          0        868   Library Totals
         0          0          0          0          0          0   (incl. Padding)

    ----------------------------------------------------------------------

      Code (inc. data)   RO Data    RW Data    ZI Data      Debug   Library Name

      1106         36          0          4          0        868   mc_w.l

    ----------------------------------------------------------------------
      1106         36          0          4          0        868   Library Totals

    ----------------------------------------------------------------------

==============================================================================


      Code (inc. data)   RO Data    RW Data    ZI Data      Debug   

      7520        560        268         28       7924     278140   Grand Totals
      7520        560        268         28       7924     278140   ELF Image Totals
      7520        560        268         28          0          0   ROM Totals

==============================================================================

    Total RO  Size (Code + RO Data)                 7788 (   7.61kB)
    Total RW  Size (RW Data + ZI Data)              7952 (   7.77kB)
    Total ROM Size (Code + RO Data + RW Data)       7816 (   7.63kB)

==============================================================================

